#
#
#  SIGBUS (0x7) at pc=0x000079e401d0e112, pid=2974, tid=2982
#
# JRE version: OpenJDK Runtime Environment GraalVM CE 22.3.0 (11.0.17+8) (build 11.0.17+8-jvmci-22.3-b08)
# Java VM: OpenJDK 64-Bit Server VM GraalVM CE 22.3.0 (11.0.17+8-jvmci-22.3-b08, mixed mode, sharing, tiered, jvmci, jvmci compiler, compressed oops, g1 gc, linux-amd64)
# Problematic frame:
# V  [libjvm.so+0xd4a112]  RuntimeService::record_safepoint_end()+0x72
#
# Core dump will be written. Default location: Core dumps may be processed with "/sbin/crash_reporter --user=%P:%s:%u:%g:%f" (or dumping to /home/dimitriseaborn/NetBeansProjects/demineur/app/core.2974)
#
# If you would like to submit a bug report, please visit:
#   https://github.com/oracle/graal/issues
#

---------------  S U M M A R Y ------------

Command Line: -XX:ThreadPriorityPolicy=1 -XX:+UnlockExperimentalVMOptions -XX:+EnableJVMCIProduct -XX:JVMCIThreadsPerNativeLibraryRuntime=1 -XX:-UnlockExperimentalVMOptions -Djdk.home=/home/dimitriseaborn/graaljvm/graalvm-ce-java11-22.3.0 -Dnetbeans.default_userdir_root=/home/dimitriseaborn/.netbeans -Dnetbeans.dirs=/usr/lib/apache-netbeans/nb:/usr/lib/apache-netbeans/ergonomics:/usr/lib/apache-netbeans/ide:/usr/lib/apache-netbeans/extide:/usr/lib/apache-netbeans/java:/usr/lib/apache-netbeans/apisupport:/usr/lib/apache-netbeans/webcommon:/usr/lib/apache-netbeans/websvccommon:/usr/lib/apache-netbeans/enterprise:/usr/lib/apache-netbeans/mobility:/usr/lib/apache-netbeans/profiler:/usr/lib/apache-netbeans/python:/usr/lib/apache-netbeans/php:/usr/lib/apache-netbeans/identity:/usr/lib/apache-netbeans/harness:/usr/lib/apache-netbeans/cnd:/usr/lib/apache-netbeans/cndext:/usr/lib/apache-netbeans/cpplite:/usr/lib/apache-netbeans/dlight:/usr/lib/apache-netbeans/groovy:/usr/lib/apache-netbeans/extra:/usr/lib/apache-netbeans/javacard:/usr/lib/apache-netbeans/javafx: -Dnetbeans.home=/usr/lib/apache-netbeans/platform -Dnetbeans.importclass=org.netbeans.upgrade.AutoUpgrade -XX:+UseStringDeduplication -Xss2m -Dapple.laf.useScreenMenuBar=true -Dapple.awt.graphics.UseQuartz=true  [stack: 0x000079e3dc57a000,0x000079e3dc67a000] [id=2979]
  0x000079e3fc08a000 ConcurrentGCThread "G1 Young RemSet Sampling" [stack: 0x000079e3dc478000,0x000079e3dc578000] [id=2980]
  0x000079e3fc091000 ConcurrentGCThread "StrDedup" [stack: 0x000079e3dc376000,0x000079e3dc476000] [id=2981]

Threads with active compile tasks:

VM state:not at safepoint (normal execution)

VM Mutex/Monitor currently owned by a thread:  ([mutex/lock_event])
[0x000079e3fc02b9f0] Safepoint_lock - owner thread: 0x000079e3fc0ba000
[0x000079e3fc02ba80] Threads_lock - owner thread: 0x000079e3fc0ba000
[0x000079e3fc02cbf0] PeriodicTask_lock - owner thread: 0x000079e3fc170000

Heap address: 0x00000000d4a00000, size: 694 MB, Compressed Oops mode: 32-bit
Narrow klass base: 0x0000000800000000, Narrow klass shift: 3
Compressed class space size: 1073741824 Address: 0x0000000840000000

Heap:
 garbage-first heap   total 710656K, used 256309K [0x00000000d4a00000, 0x0000000100000000)
  region size 1024K, 31 young (31744K), 6 survivors (6144K)
 Metaspace       used 221312K, capacity 240288K, committed 242048K, reserved 1259520K
  class space    used 25508K, capacity 31348K, committed 31872K, reserved 1048576K
Heap Regions: E=young(eden), S=young(survivor), O=old, HS=humongous(starts), HC=humongous(continues), CS=collection set, F=free, A=archive, TAMS=top-at-mark-start (previous, next)
|   0|0x00000000d4a00000, 0x00000000d4b00000, 0x00000000d4b00000|100%| O|  |TAMS 0x00000000d4b00000, 0x00000000d4a00000| Complete 
|   1|0x00000000d4b00000, 0x00000000d4c00000, 0x00000000d4c00000|100%| O|  |TAMS 0x00000000d4c00000, 0x00000000d4b00000| Complete 
|   2|0x00000000d4c00000, 0x00000000d4d00000, 0x00000000d4d00000|100%| O|  |TAMS 0x00000000d4d00000, 0x00000000d4c00000| Untracked 
|   3|0x00000000d4d00000, 0x00000000d4e00000, 0x00000000d4e00000|100%| O|  |TAMS 0x00000000d4e00000, 0x00000000d4d00000| Complete 
|   4|0x00000000d4e00000, 0x00000000d4f00000, 0x00000000d4f00000|100%| O|  |TAMS 0x00000000d4f00000, 0x00000000d4e00000| Untracked 
|   5|0x00000000d4f00000, 0x00000000d5000000, 0x00000000d5000000|100%| O|  |TAMS 0x00000000d5000000, 0x00000000d4f00000| Complete 
|   6|0x00000000d5000000, 0x00000000d5100000, 0x00000000d5100000|100%|HS|  |TAMS 0x00000000d5100000, 0x00000000d5000000| Complete 
|   7|0x00000000d5100000, 0x00000000d5200000, 0x00000000d5200000|100%|HC|  |TAMS 0x00000000d5200000, 0x00000000d5100000| Complete 
|   8|0x00000000d5200000, 0x00000000d5300000, 0x00000000d5300000|100%| O|  |TAMS 0x00000000d5300000, 0x00000000d5200000| Complete 
|   9|0x00000000d5300000, 0x00000000d5400000, 0x00000000d5400000|100%| O|  |TAMS 0x00000000d5400000, 0x00000000d5300000| Complete 
|  10|0x00000000d5400000, 0x00000000d5500000, 0x00000000d5500000|100%| O|  |TAMS 0x00000000d5500000, 0x00000000d5400000| Complete 
|  11|0x00000000d5500000, 0x00000000d5600000, 0x00000000d5600000|100%| O|  |TAMS 0x00000000d5600000, 0x00000000d5500000| Complete 
|  12|0x00000000d5600000, 0x00000000d5700000, 0x00000000d5700000|100%| O|  |TAMS 0x00000000d5700000, 0x00000000d5600000| Untracked 
|  13|0x00000000d5700000, 0x00000000d5800000, 0x00000000d5800000|100%| O|  |TAMS 0x00000000d5800000, 0x00000000d5700000| Complete 
|  14|0x00000000d5800000, 0x00000000d5900000, 0x00000000d5900000|100%| O|  |TAMS 0x00000000d5900000, 0x00000000d5800000| Complete 
|  15|0x00000000d5900000, 0x00000000d5a00000, 0x00000000d5a00000|100%| O|  |TAMS 0x00000000d5a00000, 0x00000000d5900000| Complete 
|  16|0x00000000d5a00000, 0x00000000d5b00000, 0x00000000d5b00000|100%| O|  |TAMS 0x00000000d5b00000, 0x00000000d5a00000| Untracked 
|  17|0x00000000d5b00000, 0x00000000d5c00000, 0x00000000d5c00000|100%| O|  |TAMS 0x00000000d5c00000, 0x00000000d5b00000| Untracked 
|  18|0x00000000d5c00000, 0x00000000d5d00000, 0x00000000d5d00000|100%|HS|  |TAMS 0x00000000d5d00000, 0x00000000d5c00000| Complete 
|  19|0x00000000d5d00000, 0x00000000d5e00000, 0x00000000d5e00000|100%|HC|  |TAMS 0x00000000d5e00000, 0x00000000d5d00000| Complete 
|  20|0x00000000d5e00000, 0x00000000d5f00000, 0x00000000d5f00000|100%|HC|  |TAMS 0x00000000d5f00000, 0x00000000d5e00000| Complete 
|  21|0x00000000d5f00000, 0x00000000d6000000, 0x00000000d6000000|100%|HC|  |TAMS 0x00000000d6000000, 0x00000000d5f00000| Complete 
|  22|0x00000000d6000000, 0x00000000d6100000, 0x00000000d6100000|100%|HC|  |TAMS 0x00000000d6100000, 0x00000000d6000000| Complete 
|  23|0x00000000d6100000, 0x00000000d6200000, 0x00000000d6200000|100%| O|  |TAMS 0x00000000d6200000, 0x00000000d6100000| Complete 
|  24|0x00000000d6200000, 0x00000000d6300000, 0x00000000d6300000|100%| O|  |TAMS 0x00000000d6300000, 0x00000000d6200000| Untracked 
|  25|0x00000000d6300000, 0x00000000d6400000, 0x00000000d6400000|100%| O|  |TAMS 0x00000000d6400000, 0x00000000d6300000| Complete 
|  26|0x00000000d6400000, 0x00000000d6500000, 0x00000000d6500000|100%| O|  |TAMS 0x00000000d6500000, 0x00000000d6400000| Complete 
|  27|0x00000000d6500000, 0x00000000d6600000, 0x00000000d6600000|100%|HS|  |TAMS 0x00000000d6600000, 0x00000000d6500000| Complete 
|  28|0x00000000d6600000, 0x00000000d6700000, 0x00000000d6700000|100%|HC|  |TAMS 0x00000000d6700000, 0x00000000d6600000| Complete 
|  29|0x00000000d6700000, 0x00000000d6800000, 0x00000000d6800000|100%|HC|  |TAMS 0x00000000d6800000, 0x00000000d6700000| Complete 
|  30|0x00000000d6800000, 0x00000000d6900000, 0x00000000d6900000|100%| O|  |TAMS 0x00000000d6900000, 0x00000000d6800000| Untracked 
|  31|0x00000000d6900000, 0x00000000d6a00000, 0x00000000d6a00000|100%| O|  |TAMS 0x00000000d6a00000, 0x00000000d6900000| Untracked 
|  32|0x00000000d6a00000, 0x00000000d6b00000, 0x00000000d6b00000|100%| O|  |TAMS 0x00000000d6b00000, 0x00000000d6a00000| Complete 
|  33|0x00000000d6b00000, 0x00000000d6c00000, 0x00000000d6c00000|100%| O|  |TAMS 0x00000000d6c00000, 0x00000000d6b00000| Complete 
|  34|0x00000000d6c00000, 0x00000000d6d00000, 0x00000000d6d00000|100%| O|  |TAMS 0x00000000d6d00000, 0x00000000d6c00000| Untracked 
|  35|0x00000000d6d00000, 0x00000000d6e00000, 0x00000000d6e00000|100%| O|  |TAMS 0x00000000d6e00000, 0x00000000d6d00000| Complete 
|  36|0x00000000d6e00000, 0x00000000d6f00000, 0x00000000d6f00000|100%| O|  |TAMS 0x00000000d6f00000, 0x00000000d6e00000| Complete 
|  37|0x00000000d6f00000, 0x00000000d7000000, 0x00000000d7000000|100%| O|  |TAMS 0x00000000d7000000, 0x00000000d6f00000| Complete 
|  38|0x00000000d7000000, 0x00000000d7100000, 0x00000000d7100000|100%| O|  |TAMS 0x00000000d7100000, 0x00000000d7000000| Complete 
|  39|0x00000000d7100000, 0x00000000d7200000, 0x00000000d7200000|100%| O|  |TAMS 0x00000000d7200000, 0x00000000d7100000| Complete 
|  40|0x00000000d7200000, 0x00000000d7300000, 0x00000000d7300000|100%| O|  |TAMS 0x00000000d7300000, 0x00000000d7200000| Complete 
|  41|0x00000000d7300000, 0x00000000d7400000, 0x00000000d7400000|100%| O|  |TAMS 0x00000000d7400000, 0x00000000d7300000| Complete 
|  42|0x00000000d7400000, 0x00000000d7500000, 0x00000000d7500000|100%| O|  |TAMS 0x00000000d7500000, 0x00000000d7400000| Complete 
|  43|0x00000000d7500000, 0x00000000d7600000, 0x00000000d7600000|100%| O|  |TAMS 0x00000000d7600000, 0x00000000d7500000| Complete 
|  44|0x00000000d7600000, 0x00000000d7700000, 0x00000000d7700000|100%| O|  |TAMS 0x00000000d7700000, 0x00000000d7600000| Untracked 
|  45|0x00000000d7700000, 0x00000000d7800000, 0x00000000d7800000|100%| O|  |TAMS 0x00000000d7800000, 0x00000000d7700000| Complete 
|  46|0x00000000d7800000, 0x00000000d7900000, 0x00000000d7900000|100%| O|  |TAMS 0x00000000d7900000, 0x00000000d7800000| Complete 
|  47|0x00000000d7900000, 0x00000000d7a00000, 0x00000000d7a00000|100%| O|  |TAMS 0x00000000d7a00000, 0x00000000d7900000| Complete 
|  48|0x00000000d7a00000, 0x00000000d7b00000, 0x00000000d7b00000|100%| O|  |TAMS 0x00000000d7b00000, 0x00000000d7a00000| Complete 
|  49|0x00000000d7b00000, 0x00000000d7c00000, 0x00000000d7c00000|100%| O|  |TAMS 0x00000000d7c00000, 0x00000000d7b00000| Complete 
|  50|0x00000000d7c00000, 0x00000000d7d00000, 0x00000000d7d00000|100%| O|  |TAMS 0x00000000d7d00000, 0x00000000d7c00000| Complete 
|  51|0x00000000d7d00000, 0x00000000d7e00000, 0x00000000d7e00000|100%| O|  |TAMS 0x00000000d7e00000, 0x00000000d7d00000| Complete 
|  52|0x00000000d7e00000, 0x00000000d7f00000, 0x00000000d7f00000|100%| O|  |TAMS 0x00000000d7f00000, 0x00000000d7e00000| Complete 
|  53|0x00000000d7f00000, 0x00000000d8000000, 0x00000000d8000000|100%| O|  |TAMS 0x00000000d8000000, 0x00000000d7f00000| Complete 
|  54|0x00000000d8000000, 0x00000000d8100000, 0x00000000d8100000|100%| O|  |TAMS 0x00000000d8100000, 0x00000000d8000000| Untracked 
|  55|0x00000000d8100000, 0x00000000d8200000, 0x00000000d8200000|100%| O|  |TAMS 0x00000000d8200000, 0x00000000d8100000| Untracked 
|  56|0x00000000d8200000, 0x00000000d8300000, 0x00000000d8300000|100%| O|  |TAMS 0x00000000d8300000, 0x00000000d8200000| Complete 
|  57|0x00000000d8300000, 0x00000000d8400000, 0x00000000d8400000|100%| O|  |TAMS 0x00000000d8400000, 0x00000000d8300000| Complete 
|  58|0x00000000d8400000, 0x00000000d8500000, 0x00000000d8500000|100%| O|  |TAMS 0x00000000d8500000, 0x00000000d8400000| Complete 
|  59|0x00000000d8500000, 0x00000000d8600000, 0x00000000d8600000|100%| O|  |TAMS 0x00000000d8600000, 0x00000000d8500000| Complete 
|  60|0x00000000d8600000, 0x00000000d8700000, 0x00000000d8700000|100%| O|  |TAMS 0x00000000d8700000, 0x00000000d8600000| Complete 
|  61|0x00000000d8700000, 0x00000000d8800000, 0x00000000d8800000|100%| O|  |TAMS 0x00000000d8800000, 0x00000000d8700000| Complete 
|  62|0x00000000d8800000, 0x00000000d8900000, 0x00000000d8900000|100%| O|  |TAMS 0x00000000d8900000, 0x00000000d8800000| Untracked 
|  63|0x00000000d8900000, 0x00000000d8a00000, 0x00000000d8a00000|100%| O|  |TAMS 0x00000000d8a00000, 0x00000000d8900000| Complete 
|  64|0x00000000d8a00000, 0x00000000d8b00000, 0x00000000d8b00000|100%| O|  |TAMS 0x00000000d8b00000, 0x00000000d8a00000| Complete 
|  65|0x00000000d8b00000, 0x00000000d8c00000, 0x00000000d8c00000|100%| O|  |TAMS 0x00000000d8c00000, 0x00000000d8b00000| Untracked 
|  66|0x00000000d8c00000, 0x00000000d8d00000, 0x00000000d8d00000|100%| O|  |TAMS 0x00000000d8d00000, 0x00000000d8c00000| Complete 
|  67|0x00000000d8d00000, 0x00000000d8e00000, 0x00000000d8e00000|100%| O|  |TAMS 0x00000000d8e00000, 0x00000000d8d00000| Complete 
|  68|0x00000000d8e00000, 0x00000000d8f00000, 0x00000000d8f00000|100%| O|  |TAMS 0x00000000d8f00000, 0x00000000d8e00000| Complete 
|  69|0x00000000d8f00000, 0x00000000d9000000, 0x00000000d9000000|100%| O|  |TAMS 0x00000000d9000000, 0x00000000d8f00000| Complete 
|  70|0x00000000d9000000, 0x00000000d9100000, 0x00000000d9100000|100%| O|  |TAMS 0x00000000d9100000, 0x00000000d9000000| Untracked 
|  71|0x00000000d9100000, 0x00000000d9200000, 0x00000000d9200000|100%| O|  |TAMS 0x00000000d9200000, 0x00000000d9100000| Complete 
|  72|0x00000000d9200000, 0x00000000d9300000, 0x00000000d9300000|100%| O|  |TAMS 0x00000000d9300000, 0x00000000d9200000| Untracked 
|  73|0x00000000d9300000, 0x00000000d9300000, 0x00000000d9400000|  0%| F|  |TAMS 0x00000000d9300000, 0x00000000d9300000| Untracked 
|  74|0x00000000d9400000, 0x00000000d9500000, 0x00000000d9500000|100%| O|  |TAMS 0x00000000d9500000, 0x00000000d9400000| Complete 
|  75|0x00000000d9500000, 0x00000000d9600000, 0x00000000d9600000|100%| O|  |TAMS 0x00000000d9600000, 0x00000000d9500000| Complete 
|  76|0x00000000d9600000, 0x00000000d9700000, 0x00000000d9700000|100%| O|  |TAMS 0x00000000d9700000, 0x00000000d9600000| Complete 
|  77|0x00000000d9700000, 0x00000000d9800000, 0x00000000d9800000|100%| O|  |TAMS 0x00000000d9800000, 0x00000000d9700000| Complete 
|  78|0x00000000d9800000, 0x00000000d9800000, 0x00000000d9900000|  0%| F|  |TAMS 0x00000000d9800000, 0x00000000d9800000| Untracked 
|  79|0x00000000d9900000, 0x00000000d9a00000, 0x00000000d9a00000|100%| O|  |TAMS 0x00000000d9a00000, 0x00000000d9900000| Untracked 
|  80|0x00000000d9a00000, 0x00000000d9b00000, 0x00000000d9b00000|100%| O|  |TAMS 0x00000000d9b00000, 0x00000000d9a00000| Untracked 
|  81|0x00000000d9b00000, 0x00000000d9c00000, 0x00000000d9c00000|100%| O|  |TAMS 0x00000000d9c00000, 0x00000000d9b00000| Complete 
|  82|0x00000000d9c00000, 0x00000000d9d00000, 0x00000000d9d00000|100%| O|  |TAMS 0x00000000d9d00000, 0x00000000d9c00000| Complete 
|  83|0x00000000d9d00000, 0x00000000d9e00000, 0x00000000d9e00000|100%| O|  |TAMS 0x00000000d9e00000, 0x00000000d9d00000| Untracked 
|  84|0x00000000d9e00000, 0x00000000d9f00000, 0x00000000d9f00000|100%| O|  |TAMS 0x00000000d9f00000, 0x00000000d9e00000| Complete 
|  85|0x00000000d9f00000, 0x00000000da000000, 0x00000000da000000|100%| O|  |TAMS 0x00000000da000000, 0x00000000d9f00000| Complete 
|  86|0x00000000da000000, 0x00000000da100000, 0x00000000da100000|100%| O|  |TAMS 0x00000000da100000, 0x00000000da000000| Complete 
|  87|0x00000000da100000, 0x00000000da200000, 0x00000000da200000|100%| O|  |TAMS 0x00000000da200000, 0x00000000da100000| Complete 
|  88|0x00000000da200000, 0x00000000da300000, 0x00000000da300000|100%| O|  |TAMS 0x00000000da300000, 0x00000000da200000| Untracked 
|  89|0x00000000da300000, 0x00000000da400000, 0x00000000da400000|100%| O|  |TAMS 0x00000000da400000, 0x00000000da300000| Complete 
|  90|0x00000000da400000, 0x00000000da500000, 0x00000000da500000|100%| O|  |TAMS 0x00000000da500000, 0x00000000da400000| Untracked 
|  91|0x00000000da500000, 0x00000000da600000, 0x00000000da600000|100%| O|  |TAMS 0x00000000da600000, 0x00000000da500000| Untracked 
|  92|0x00000000da600000, 0x00000000da700000, 0x00000000da700000|100%| O|  |TAMS 0x00000000da700000, 0x00000000da600000| Complete 
|  93|0x00000000da700000, 0x00000000da800000, 0x00000000da800000|100%| O|  |TAMS 0x00000000da800000, 0x00000000da700000| Untracked 
|  94|0x00000000da800000, 0x00000000da900000, 0x00000000da900000|100%| O|  |TAMS 0x00000000da900000, 0x00000000da800000| Complete 
|  95|0x00000000da900000, 0x00000000daa00000, 0x00000000daa00000|100%| O|  |TAMS 0x00000000daa00000, 0x00000000da900000| Complete 
|  96|0x00000000daa00000, 0x00000000dab00000, 0x00000000dab00000|100%| O|  |TAMS 0x00000000dab00000, 0x00000000daa00000| Complete 
|  97|0x00000000dab00000, 0x00000000dac00000, 0x00000000dac00000|100%| O|  |TAMS 0x00000000dac00000, 0x00000000dab00000| Complete 
|  98|0x00000000dac00000, 0x00000000dad00000, 0x00000000dad00000|100%| O|  |TAMS 0x00000000dad00000, 0x00000000dac00000| Untracked 
|  99|0x00000000dad00000, 0x00000000dae00000, 0x00000000dae00000|100%| O|  |TAMS 0x00000000dae00000, 0x00000000dad00000| Untracked 
| 100|0x00000000dae00000, 0x00000000daf00000, 0x00000000daf00000|100%| O|  |TAMS 0x00000000daf00000, 0x00000000dae00000| Untracked 
| 101|0x00000000daf00000, 0x00000000db000000, 0x00000000db000000|100%| O|  |TAMS 0x00000000db000000, 0x00000000daf00000| Complete 
| 102|0x00000000db000000, 0x00000000db100000, 0x00000000db100000|100%| O|  |TAMS 0x00000000db100000, 0x00000000db000000| Complete 
| 103|0x00000000db100000, 0x00000000db100000, 0x00000000db200000|  0%| F|  |TAMS 0x00000000db100000, 0x00000000db100000| Untracked 
| 104|0x00000000db200000, 0x00000000db300000, 0x00000000db300000|100%| O|  |TAMS 0x00000000db300000, 0x00000000db200000| Untracked 
| 105|0x00000000db300000, 0x00000000db400000, 0x00000000db400000|100%| O|  |TAMS 0x00000000db400000, 0x00000000db300000| Untracked 
| 106|0x00000000db400000, 0x00000000db500000, 0x00000000db500000|100%| O|  |TAMS 0x00000000db500000, 0x00000000db400000| Untracked 
| 107|0x00000000db500000, 0x00000000db500000, 0x00000000db600000|  0%| F|  |TAMS 0x00000000db500000, 0x00000000db500000| Untracked 
| 108|0x00000000db600000, 0x00000000db700000, 0x00000000db700000|100%| O|  |TAMS 0x00000000db700000, 0x00000000db600000| Untracked 
| 109|0x00000000db700000, 0x00000000db800000, 0x00000000db800000|100%| O|  |TAMS 0x00000000db800000, 0x00000000db700000| Complete 
| 110|0x00000000db800000, 0x00000000db900000, 0x00000000db900000|100%| O|  |TAMS 0x00000000db900000, 0x00000000db800000| Complete 
| 111|0x00000000db900000, 0x00000000dba00000, 0x00000000dba00000|100%| O|  |TAMS 0x00000000dba00000, 0x00000000db900000| Untracked 
| 112|0x00000000dba00000, 0x00000000dbb00000, 0x00000000dbb00000|100%| O|  |TAMS 0x00000000dbb00000, 0x00000000dba00000| Untracked 
| 113|0x00000000dbb00000, 0x00000000dbc00000, 0x00000000dbc00000|100%| O|  |TAMS 0x00000000dbc00000, 0x00000000dbb00000| Complete 
| 114|0x00000000dbc00000, 0x00000000dbd00000, 0x00000000dbd00000|100%| O|  |TAMS 0x00000000dbd00000, 0x00000000dbc00000| Untracked 
| 115|0x00000000dbd00000, 0x00000000dbe00000, 0x00000000dbe00000|100%| O|  |TAMS 0x00000000dbe00000, 0x00000000dbd00000| Untracked 
| 116|0x00000000dbe00000, 0x00000000dbf00000, 0x00000000dbf00000|100%| O|  |TAMS 0x00000000dbf00000, 0x00000000dbe00000| Untracked 
| 117|0x00000000dbf00000, 0x00000000dc000000, 0x00000000dc000000|100%| O|  |TAMS 0x00000000dc000000, 0x00000000dbf00000| Untracked 
| 118|0x00000000dc000000, 0x00000000dc100000, 0x00000000dc100000|100%| O|  |TAMS 0x00000000dc100000, 0x00000000dc000000| Untracked 
| 119|0x00000000dc100000, 0x00000000dc200000, 0x00000000dc200000|100%| O|  |TAMS 0x00000000dc200000, 0x00000000dc100000| Untracked 
| 120|0x00000000dc200000, 0x00000000dc300000, 0x00000000dc300000|100%| O|  |TAMS 0x00000000dc300000, 0x00000000dc200000| Untracked 
| 121|0x00000000dc300000, 0x00000000dc400000, 0x00000000dc400000|100%| O|  |TAMS 0x00000000dc400000, 0x00000000dc300000| Untracked 
| 122|0x00000000dc400000, 0x00000000dc500000, 0x00000000dc500000|100%| O|  |TAMS 0x00000000dc500000, 0x00000000dc400000| Complete 
| 123|0x00000000dc500000, 0x00000000dc600000, 0x00000000dc600000|100%| O|  |TAMS 0x00000000dc600000, 0x00000000dc500000| Untracked 
| 124|0x00000000dc600000, 0x00000000dc700000, 0x00000000dc700000|100%| O|  |TAMS 0x00000000dc700000, 0x00000000dc600000| Untracked 
| 125|0x00000000dc700000, 0x00000000dc800000, 0x00000000dc800000|100%| O|  |TAMS 0x00000000dc800000, 0x00000000dc700000| Untracked 
| 126|0x00000000dc800000, 0x00000000dc900000, 0x00000000dc900000|100%| O|  |TAMS 0x00000000dc900000, 0x00000000dc800000| Complete 
| 127|0x00000000dc900000, 0x00000000dca00000, 0x00000000dca00000|100%| O|  |TAMS 0x00000000dca00000, 0x00000000dc900000| Complete 
| 128|0x00000000dca00000, 0x00000000dcb00000, 0x00000000dcb00000|100%| O|  |TAMS 0x00000000dcb00000, 0x00000000dca00000| Complete 
| 129|0x00000000dcb00000, 0x00000000dcc00000, 0x00000000dcc00000|100%| O|  |TAMS 0x00000000dcc00000, 0x00000000dcb00000| Untracked 
| 130|0x00000000dcc00000, 0x00000000dcd00000, 0x00000000dcd00000|100%| O|  |TAMS 0x00000000dcd00000, 0x00000000dcc00000| Untracked 
| 131|0x00000000dcd00000, 0x00000000dcdcbc00, 0x00000000dce00000| 79%| O|  |TAMS 0x00000000dcdbda00, 0x00000000dcd00000| Untracked 
| 132|0x00000000dce00000, 0x00000000dcf00000, 0x00000000dcf00000|100%| O|  |TAMS 0x00000000dcf00000, 0x00000000dce00000| Complete 
| 133|0x00000000dcf00000, 0x00000000dd000000, 0x00000000dd000000|100%| O|  |TAMS 0x00000000dd000000, 0x00000000dcf00000| Complete 
| 134|0x00000000dd000000, 0x00000000dd100000, 0x00000000dd100000|100%| O|  |TAMS 0x00000000dd100000, 0x00000000dd000000| Untracked 
| 135|0x00000000dd100000, 0x00000000dd200000, 0x00000000dd200000|100%| O|  |TAMS 0x00000000dd200000, 0x00000000dd100000| Complete 
| 136|0x00000000dd200000, 0x00000000dd300000, 0x00000000dd300000|100%| O|  |TAMS 0x00000000dd300000, 0x00000000dd200000| Complete 
| 137|0x00000000dd300000, 0x00000000dd400000, 0x00000000dd400000|100%|HS|  |TAMS 0x00000000dd400000, 0x00000000dd300000| Complete 
| 138|0x00000000dd400000, 0x00000000dd400000, 0x00000000dd500000|  0%| F|  |TAMS 0x00000000dd400000, 0x00000000dd400000| Untracked 
| 139|0x00000000dd500000, 0x00000000dd600000, 0x00000000dd600000|100%| O|  |TAMS 0x00000000dd600000, 0x00000000dd500000| Complete 
| 140|0x00000000dd600000, 0x00000000dd700000, 0x00000000dd700000|100%| O|  |TAMS 0x00000000dd700000, 0x00000000dd600000| Complete 
| 141|0x00000000dd700000, 0x00000000dd800000, 0x00000000dd800000|100%| O|  |TAMS 0x00000000dd800000, 0x00000000dd700000| Untracked 
| 142|0x00000000dd800000, 0x00000000dd900000, 0x00000000dd900000|100%| O|  |TAMS 0x00000000dd900000, 0x00000000dd800000| Untracked 
| 143|0x00000000dd900000, 0x00000000dda00000, 0x00000000dda00000|100%| O|  |TAMS 0x00000000dda00000, 0x00000000dd900000| Untracked 
| 144|0x00000000dda00000, 0x00000000dda00000, 0x00000000ddb00000|  0%| F|  |TAMS 0x00000000dda00000, 0x00000000dda00000| Untracked 
| 145|0x00000000ddb00000, 0x00000000ddc00000, 0x00000000ddc00000|100%| O|  |TAMS 0x00000000ddc00000, 0x00000000ddb00000| Complete 
| 146|0x00000000ddc00000, 0x00000000ddd00000, 0x00000000ddd00000|100%| O|  |TAMS 0x00000000ddd00000, 0x00000000ddc00000| Untracked 
| 147|0x00000000ddd00000, 0x00000000dde00000, 0x00000000dde00000|100%| O|  |TAMS 0x00000000dde00000, 0x00000000ddd00000| Complete 
| 148|0x00000000dde00000, 0x00000000ddf00000, 0x00000000ddf00000|100%| O|  |TAMS 0x00000000ddf00000, 0x00000000dde00000| Complete 
| 149|0x00000000ddf00000, 0x00000000de000000, 0x00000000de000000|100%| O|  |TAMS 0x00000000de000000, 0x00000000ddf00000| Untracked 
| 150|0x00000000de000000, 0x00000000de000000, 0x00000000de100000|  0%| F|  |TAMS 0x00000000de000000, 0x00000000de000000| Untracked 
| 151|0x00000000de100000, 0x00000000de100000, 0x00000000de200000|  0%| F|  |TAMS 0x00000000de100000, 0x00000000de100000| Untracked 
| 152|0x00000000de200000, 0x00000000de200000, 0x00000000de300000|  0%| F|  |TAMS 0x00000000de200000, 0x00000000de200000| Untracked 
| 153|0x00000000de300000, 0x00000000de300000, 0x00000000de400000|  0%| F|  |TAMS 0x00000000de300000, 0x00000000de300000| Untracked 
| 154|0x00000000de400000, 0x00000000de400000, 0x00000000de500000|  0%| F|  |TAMS 0x00000000de400000, 0x00000000de400000| Untracked 
| 155|0x00000000de500000, 0x00000000de600000, 0x00000000de600000|100%| O|  |TAMS 0x00000000de600000, 0x00000000de500000| Complete 
| 156|0x00000000de600000, 0x00000000de700000, 0x00000000de700000|100%| O|  |TAMS 0x00000000de700000, 0x00000000de600000| Complete 
| 157|0x00000000de700000, 0x00000000de800000, 0x00000000de800000|100%| O|  |TAMS 0x00000000de800000, 0x00000000de700000| Untracked 
| 158|0x00000000de800000, 0x00000000de900000, 0x00000000de900000|100%|HS|  |TAMS 0x00000000de900000, 0x00000000de800000| Complete 
| 159|0x00000000de900000, 0x00000000dea00000, 0x00000000dea00000|100%|HC|  |TAMS 0x00000000dea00000, 0x00000000de900000| Complete 
| 160|0x00000000dea00000, 0x00000000deb00000, 0x00000000deb00000|100%|HC|  |TAMS 0x00000000deb00000, 0x00000000dea00000| Complete 
| 161|0x00000000deb00000, 0x00000000dec00000, 0x00000000dec00000|100%| O|  |TAMS 0x00000000dec00000, 0x00000000deb00000| Untracked 
| 162|0x00000000dec00000, 0x00000000ded00000, 0x00000000ded00000|100%| O|  |TAMS 0x00000000ded00000, 0x00000000dec00000| Complete 
| 163|0x00000000ded00000, 0x00000000dee00000, 0x00000000dee00000|100%| O|  |TAMS 0x00000000dee00000, 0x00000000ded00000| Untracked 
| 164|0x00000000dee00000, 0x00000000def00000, 0x00000000def00000|100%| O|  |TAMS 0x00000000def00000, 0x00000000dee00000| Untracked 
| 165|0x00000000def00000, 0x00000000df000000, 0x00000000df000000|100%| O|  |TAMS 0x00000000df000000, 0x00000000def00000| Untracked 
| 166|0x00000000df000000, 0x00000000df100000, 0x00000000df100000|100%| O|  |TAMS 0x00000000df100000, 0x00000000df000000| Untracked 
| 167|0x00000000df100000, 0x00000000df200000, 0x00000000df200000|100%| O|  |TAMS 0x00000000df200000, 0x00000000df100000| Untracked 
| 168|0x00000000df200000, 0x00000000df300000, 0x00000000df300000|100%| O|  |TAMS 0x00000000df300000, 0x00000000df200000| Untracked 
| 169|0x00000000df300000, 0x00000000df400000, 0x00000000df400000|100%| O|  |TAMS 0x00000000df400000, 0x00000000df300000| Untracked 
| 170|0x00000000df400000, 0x00000000df500000, 0x00000000df500000|100%| O|  |TAMS 0x00000000df500000, 0x00000000df400000| Complete 
| 171|0x00000000df500000, 0x00000000df500000, 0x00000000df600000|  0%| F|  |TAMS 0x00000000df500000, 0x00000000df500000| Untracked 
| 172|0x00000000df600000, 0x00000000df600000, 0x00000000df700000|  0%| F|  |TAMS 0x00000000df600000, 0x00000000df600000| Untracked 
| 173|0x00000000df700000, 0x00000000df700000, 0x00000000df800000|  0%| F|  |TAMS 0x00000000df700000, 0x00000000df700000| Untracked 
| 174|0x00000000df800000, 0x00000000df900000, 0x00000000df900000|100%| O|  |TAMS 0x00000000df900000, 0x00000000df800000| Untracked 
| 175|0x00000000df900000, 0x00000000dfa00000, 0x00000000dfa00000|100%| O|  |TAMS 0x00000000dfa00000, 0x00000000df900000| Untracked 
| 176|0x00000000dfa00000, 0x00000000dfb00000, 0x00000000dfb00000|100%| O|  |TAMS 0x00000000dfb00000, 0x00000000dfa00000| Complete 
| 177|0x00000000dfb00000, 0x00000000dfb00000, 0x00000000dfc00000|  0%| F|  |TAMS 0x00000000dfb00000, 0x00000000dfb00000| Untracked 
| 178|0x00000000dfc00000, 0x00000000dfd00000, 0x00000000dfd00000|100%| O|  |TAMS 0x00000000dfd00000, 0x00000000dfc00000| Untracked 
| 179|0x00000000dfd00000, 0x00000000dfe00000, 0x00000000dfe00000|100%| O|  |TAMS 0x00000000dfe00000, 0x00000000dfd00000| Untracked 
| 180|0x00000000dfe00000, 0x00000000dff00000, 0x00000000dff00000|100%| O|  |TAMS 0x00000000dff00000, 0x00000000dfe00000| Untracked 
| 181|0x00000000dff00000, 0x00000000e0000000, 0x00000000e0000000|100%| O|  |TAMS 0x00000000e0000000, 0x00000000dff00000| Untracked 
| 182|0x00000000e0000000, 0x00000000e00ffff8, 0x00000000e0100000| 99%| O|  |TAMS 0x00000000e00ffff8, 0x00000000e0000000| Complete 
| 183|0x00000000e0100000, 0x00000000e0100000, 0x00000000e0200000|  0%| F|  |TAMS 0x00000000e0100000, 0x00000000e0100000| Untracked 
| 184|0x00000000e0200000, 0x00000000e0300000, 0x00000000e0300000|100%| O|  |TAMS 0x00000000e0300000, 0x00000000e0200000| Untracked 
| 185|0x00000000e0300000, 0x00000000e0400000, 0x00000000e0400000|100%| O|  |TAMS 0x00000000e0400000, 0x00000000e0300000| Untracked 
| 186|0x00000000e0400000, 0x00000000e0500000, 0x00000000e0500000|100%| O|  |TAMS 0x00000000e0500000, 0x00000000e0400000| Untracked 
| 187|0x00000000e0500000, 0x00000000e0600000, 0x00000000e0600000|100%| O|  |TAMS 0x00000000e0600000, 0x00000000e0500000| Untracked 
| 188|0x00000000e0600000, 0x00000000e0700000, 0x00000000e0700000|100%| O|  |TAMS 0x00000000e0700000, 0x00000000e0600000| Complete 
| 189|0x00000000e0700000, 0x00000000e0800000, 0x00000000e0800000|100%| O|  |TAMS 0x00000000e0800000, 0x00000000e0700000| Complete 
| 190|0x00000000e0800000, 0x00000000e0900000, 0x00000000e0900000|100%| O|  |TAMS 0x00000000e0900000, 0x00000000e0800000| Complete 
| 191|0x00000000e0900000, 0x00000000e0a00000, 0x00000000e0a00000|100%| O|  |TAMS 0x00000000e0a00000, 0x00000000e0900000| Untracked 
| 192|0x00000000e0a00000, 0x00000000e0a00000, 0x00000000e0b00000|  0%| F|  |TAMS 0x00000000e0a00000, 0x00000000e0a00000| Untracked 
| 193|0x00000000e0b00000, 0x00000000e0c00000, 0x00000000e0c00000|100%| O|  |TAMS 0x00000000e0c00000, 0x00000000e0b00000| Complete 
| 194|0x00000000e0c00000, 0x00000000e0c00000, 0x00000000e0d00000|  0%| F|  |TAMS 0x00000000e0c00000, 0x00000000e0c00000| Untracked 
| 195|0x00000000e0d00000, 0x00000000e0e00000, 0x00000000e0e00000|100%| O|  |TAMS 0x00000000e0e00000, 0x00000000e0d00000| Complete 
| 196|0x00000000e0e00000, 0x00000000e0e00000, 0x00000000e0f00000|  0%| F|  |TAMS 0x00000000e0e00000, 0x00000000e0e00000| Untracked 
| 197|0x00000000e0f00000, 0x00000000e1000000, 0x00000000e1000000|100%| O|  |TAMS 0x00000000e1000000, 0x00000000e0f00000| Complete 
| 198|0x00000000e1000000, 0x00000000e1000000, 0x00000000e1100000|  0%| F|  |TAMS 0x00000000e1000000, 0x00000000e1000000| Untracked 
| 199|0x00000000e1100000, 0x00000000e1200000, 0x00000000e1200000|100%| O|  |TAMS 0x00000000e1200000, 0x00000000e1100000| Complete 
| 200|0x00000000e1200000, 0x00000000e1300000, 0x00000000e1300000|100%| O|  |TAMS 0x00000000e1300000, 0x00000000e1200000| Complete 
| 201|0x00000000e1300000, 0x00000000e1400000, 0x00000000e1400000|100%| O|  |TAMS 0x00000000e1400000, 0x00000000e1300000| Complete 
| 202|0x00000000e1400000, 0x00000000e1500000, 0x00000000e1500000|100%| O|  |TAMS 0x00000000e1500000, 0x00000000e1400000| Untracked 
| 203|0x00000000e1500000, 0x00000000e1600000, 0x00000000e1600000|100%| O|  |TAMS 0x00000000e1600000, 0x00000000e1500000| Complete 
| 204|0x00000000e1600000, 0x00000000e1700000, 0x00000000e1700000|100%| O|  |TAMS 0x00000000e1700000, 0x00000000e1600000| Complete 
| 205|0x00000000e1700000, 0x00000000e1800000, 0x00000000e1800000|100%| O|  |TAMS 0x00000000e1800000, 0x00000000e1700000| Complete 
| 206|0x00000000e1800000, 0x00000000e1900000, 0x00000000e1900000|100%| O|  |TAMS 0x00000000e1900000, 0x00000000e1800000| Untracked 
| 207|0x00000000e1900000, 0x00000000e1a00000, 0x00000000e1a00000|100%| O|  |TAMS 0x00000000e1a00000, 0x00000000e1900000| Untracked 
| 208|0x00000000e1a00000, 0x00000000e1b00000, 0x00000000e1b00000|100%| O|  |TAMS 0x00000000e1b00000, 0x00000000e1a00000| Untracked 
| 209|0x00000000e1b00000, 0x00000000e1c00000, 0x00000000e1c00000|100%| O|  |TAMS 0x00000000e1c00000, 0x00000000e1b00000| Complete 
| 210|0x00000000e1c00000, 0x00000000e1d00000, 0x00000000e1d00000|100%| O|  |TAMS 0x00000000e1d00000, 0x00000000e1c00000| Untracked 
| 211|0x00000000e1d00000, 0x00000000e1d00000, 0x00000000e1e00000|  0%| F|  |TAMS 0x00000000e1d00000, 0x00000000e1d00000| Untracked 
| 212|0x00000000e1e00000, 0x00000000e1f00000, 0x00000000e1f00000|100%| O|  |TAMS 0x00000000e1f00000, 0x00000000e1e00000| Complete 
| 213|0x00000000e1f00000, 0x00000000e1f00000, 0x00000000e2000000|  0%| F|  |TAMS 0x00000000e1f00000, 0x00000000e1f00000| Untracked 
| 214|0x00000000e2000000, 0x00000000e2100000, 0x00000000e2100000|100%| O|  |TAMS 0x00000000e2100000, 0x00000000e2000000| Untracked 
| 215|0x00000000e2100000, 0x00000000e2100000, 0x00000000e2200000|  0%| F|  |TAMS 0x00000000e2100000, 0x00000000e2100000| Untracked 
| 216|0x00000000e2200000, 0x00000000e2300000, 0x00000000e2300000|100%| O|  |TAMS 0x00000000e2300000, 0x00000000e2200000| Untracked 
| 217|0x00000000e2300000, 0x00000000e2400000, 0x00000000e2400000|100%| O|  |TAMS 0x00000000e2400000, 0x00000000e2300000| Untracked 
| 218|0x00000000e2400000, 0x00000000e2500000, 0x00000000e2500000|100%| O|  |TAMS 0x00000000e2500000, 0x00000000e2400000| Complete 
| 219|0x00000000e2500000, 0x00000000e2600000, 0x00000000e2600000|100%| O|  |TAMS 0x00000000e2600000, 0x00000000e2500000| Untracked 
| 220|0x00000000e2600000, 0x00000000e2700000, 0x00000000e2700000|100%| O|  |TAMS 0x00000000e2700000, 0x00000000e2600000| Complete 
| 221|0x00000000e2700000, 0x00000000e2800000, 0x00000000e2800000|100%| O|  |TAMS 0x00000000e2800000, 0x00000000e2700000| Complete 
| 222|0x00000000e2800000, 0x00000000e2900000, 0x00000000e2900000|100%| O|  |TAMS 0x00000000e2900000, 0x00000000e2800000| Untracked 
| 223|0x00000000e2900000, 0x00000000e2a00000, 0x00000000e2a00000|100%| O|  |TAMS 0x00000000e2a00000, 0x00000000e2900000| Untracked 
| 224|0x00000000e2a00000, 0x00000000e2a00000, 0x00000000e2b00000|  0%| F|  |TAMS 0x00000000e2a00000, 0x00000000e2a00000| Untracked 
| 225|0x00000000e2b00000, 0x00000000e2c00000, 0x00000000e2c00000|100%| O|  |TAMS 0x00000000e2c00000, 0x00000000e2b00000| Complete 
| 226|0x00000000e2c00000, 0x00000000e2d00000, 0x00000000e2d00000|100%| O|  |TAMS 0x00000000e2d00000, 0x00000000e2c00000| Complete 
| 227|0x00000000e2d00000, 0x00000000e2e00000, 0x00000000e2e00000|100%| O|  |TAMS 0x00000000e2e00000, 0x00000000e2d00000| Untracked 
| 228|0x00000000e2e00000, 0x00000000e2f00000, 0x00000000e2f00000|100%| O|  |TAMS 0x00000000e2f00000, 0x00000000e2e00000| Complete 
| 229|0x00000000e2f00000, 0x00000000e2f00000, 0x00000000e3000000|  0%| F|  |TAMS 0x00000000e2f00000, 0x00000000e2f00000| Untracked 
| 230|0x00000000e3000000, 0x00000000e3000000, 0x00000000e3100000|  0%| F|  |TAMS 0x00000000e3000000, 0x00000000e3000000| Untracked 
| 231|0x00000000e3100000, 0x00000000e3200000, 0x00000000e3200000|100%| O|  |TAMS 0x00000000e3200000, 0x00000000e3100000| Complete 
| 232|0x00000000e3200000, 0x00000000e3200000, 0x00000000e3300000|  0%| F|  |TAMS 0x00000000e3200000, 0x00000000e3200000| Untracked 
| 233|0x00000000e3300000, 0x00000000e3300000, 0x00000000e3400000|  0%| F|  |TAMS 0x00000000e3300000, 0x00000000e3300000| Untracked 
| 234|0x00000000e3400000, 0x00000000e3400000, 0x00000000e3500000|  0%| F|  |TAMS 0x00000000e3400000, 0x00000000e3400000| Untracked 
| 235|0x00000000e3500000, 0x00000000e3600000, 0x00000000e3600000|100%| O|  |TAMS 0x00000000e3600000, 0x00000000e3500000| Complete 
| 236|0x00000000e3600000, 0x00000000e3700000, 0x00000000e3700000|100%| O|  |TAMS 0x00000000e3700000, 0x00000000e3600000| Complete 
| 237|0x00000000e3700000, 0x00000000e3800000, 0x00000000e3800000|100%| O|  |TAMS 0x00000000e3800000, 0x00000000e3700000| Untracked 
| 238|0x00000000e3800000, 0x00000000e3800000, 0x00000000e3900000|  0%| F|  |TAMS 0x00000000e3800000, 0x00000000e3800000| Untracked 
| 239|0x00000000e3900000, 0x00000000e3a00000, 0x00000000e3a00000|100%| O|  |TAMS 0x00000000e3a00000, 0x00000000e3900000| Untracked 
| 240|0x00000000e3a00000, 0x00000000e3a00000, 0x00000000e3b00000|  0%| F|  |TAMS 0x00000000e3a00000, 0x00000000e3a00000| Untracked 
| 241|0x00000000e3b00000, 0x00000000e3b00000, 0x00000000e3c00000|  0%| F|  |TAMS 0x00000000e3b00000, 0x00000000e3b00000| Untracked 
| 242|0x00000000e3c00000, 0x00000000e3c00000, 0x00000000e3d00000|  0%| F|  |TAMS 0x00000000e3c00000, 0x00000000e3c00000| Untracked 
| 243|0x00000000e3d00000, 0x00000000e3d00000, 0x00000000e3e00000|  0%| F|  |TAMS 0x00000000e3d00000, 0x00000000e3d00000| Untracked 
| 244|0x00000000e3e00000, 0x00000000e3f00000, 0x00000000e3f00000|100%| O|  |TAMS 0x00000000e3f00000, 0x00000000e3e00000| Complete 
| 245|0x00000000e3f00000, 0x00000000e3f00000, 0x00000000e4000000|  0%| F|  |TAMS 0x00000000e3f00000, 0x00000000e3f00000| Untracked 
| 246|0x00000000e4000000, 0x00000000e4000000, 0x00000000e4100000|  0%| F|  |TAMS 0x00000000e4000000, 0x00000000e4000000| Untracked 
| 247|0x00000000e4100000, 0x00000000e4100000, 0x00000000e4200000|  0%| F|  |TAMS 0x00000000e4100000, 0x00000000e4100000| Untracked 
| 248|0x00000000e4200000, 0x00000000e4200000, 0x00000000e4300000|  0%| F|  |TAMS 0x00000000e4200000, 0x00000000e4200000| Untracked 
| 249|0x00000000e4300000, 0x00000000e4300000, 0x00000000e4400000|  0%| F|  |TAMS 0x00000000e4300000, 0x00000000e4300000| Untracked 
| 250|0x00000000e4400000, 0x00000000e4500000, 0x00000000e4500000|100%| O|  |TAMS 0x00000000e4500000, 0x00000000e4400000| Untracked 
| 251|0x00000000e4500000, 0x00000000e4600000, 0x00000000e4600000|100%| O|  |TAMS 0x00000000e4600000, 0x00000000e4500000| Untracked 
| 252|0x00000000e4600000, 0x00000000e4600000, 0x00000000e4700000|  0%| F|  |TAMS 0x00000000e4600000, 0x00000000e4600000| Untracked 
| 253|0x00000000e4700000, 0x00000000e4800000, 0x00000000e4800000|100%| O|  |TAMS 0x00000000e4800000, 0x00000000e4700000| Complete 
| 254|0x00000000e4800000, 0x00000000e4800000, 0x00000000e4900000|  0%| F|  |TAMS 0x00000000e4800000, 0x00000000e4800000| Untracked 
| 255|0x00000000e4900000, 0x00000000e4900000, 0x00000000e4a00000|  0%| F|  |TAMS 0x00000000e4900000, 0x00000000e4900000| Untracked 
| 256|0x00000000e4a00000, 0x00000000e4b00000, 0x00000000e4b00000|100%| O|  |TAMS 0x00000000e4b00000, 0x00000000e4a00000| Complete 
| 257|0x00000000e4b00000, 0x00000000e4b00000, 0x00000000e4c00000|  0%| F|  |TAMS 0x00000000e4b00000, 0x00000000e4b00000| Untracked 
| 258|0x00000000e4c00000, 0x00000000e4d00000, 0x00000000e4d00000|100%| O|  |TAMS 0x00000000e4d00000, 0x00000000e4c00000| Complete 
| 259|0x00000000e4d00000, 0x00000000e4d00000, 0x00000000e4e00000|  0%| F|  |TAMS 0x00000000e4d00000, 0x00000000e4d00000| Untracked 
| 260|0x00000000e4e00000, 0x00000000e4e00000, 0x00000000e4f00000|  0%| F|  |TAMS 0x00000000e4e00000, 0x00000000e4e00000| Untracked 
| 261|0x00000000e4f00000, 0x00000000e4f00000, 0x00000000e5000000|  0%| F|  |TAMS 0x00000000e4f00000, 0x00000000e4f00000| Untracked 
| 262|0x00000000e5000000, 0x00000000e5000000, 0x00000000e5100000|  0%| F|  |TAMS 0x00000000e5000000, 0x00000000e5000000| Untracked 
| 263|0x00000000e5100000, 0x00000000e5100000, 0x00000000e5200000|  0%| F|  |TAMS 0x00000000e5100000, 0x00000000e5100000| Untracked 
| 264|0x00000000e5200000, 0x00000000e5200000, 0x00000000e5300000|  0%| F|  |TAMS 0x00000000e5200000, 0x00000000e5200000| Untracked 
| 265|0x00000000e5300000, 0x00000000e5300000, 0x00000000e5400000|  0%| F|  |TAMS 0x00000000e5300000, 0x00000000e5300000| Untracked 
| 266|0x00000000e5400000, 0x00000000e5400000, 0x00000000e5500000|  0%| F|  |TAMS 0x00000000e5400000, 0x00000000e5400000| Untracked 
| 267|0x00000000e5500000, 0x00000000e5500000, 0x00000000e5600000|  0%| F|  |TAMS 0x00000000e5500000, 0x00000000e5500000| Untracked 
| 268|0x00000000e5600000, 0x00000000e5600000, 0x00000000e5700000|  0%| F|  |TAMS 0x00000000e5600000, 0x00000000e5600000| Untracked 
| 269|0x00000000e5700000, 0x00000000e5700000, 0x00000000e5800000|  0%| F|  |TAMS 0x00000000e5700000, 0x00000000e5700000| Untracked 
| 270|0x00000000e5800000, 0x00000000e5800000, 0x00000000e5900000|  0%| F|  |TAMS 0x00000000e5800000, 0x00000000e5800000| Untracked 
| 271|0x00000000e5900000, 0x00000000e5900000, 0x00000000e5a00000|  0%| F|  |TAMS 0x00000000e5900000, 0x00000000e5900000| Untracked 
| 272|0x00000000e5a00000, 0x00000000e5b00000, 0x00000000e5b00000|100%| O|  |TAMS 0x00000000e5b00000, 0x00000000e5a00000| Complete 
| 273|0x00000000e5b00000, 0x00000000e5c00000, 0x00000000e5c00000|100%| O|  |TAMS 0x00000000e5c00000, 0x00000000e5b00000| Untracked 
| 274|0x00000000e5c00000, 0x00000000e5c00000, 0x00000000e5d00000|  0%| F|  |TAMS 0x00000000e5c00000, 0x00000000e5c00000| Untracked 
| 275|0x00000000e5d00000, 0x00000000e5d00000, 0x00000000e5e00000|  0%| F|  |TAMS 0x00000000e5d00000, 0x00000000e5d00000| Untracked 
| 276|0x00000000e5e00000, 0x00000000e5e00000, 0x00000000e5f00000|  0%| F|  |TAMS 0x00000000e5e00000, 0x00000000e5e00000| Untracked 
| 277|0x00000000e5f00000, 0x00000000e6000000, 0x00000000e6000000|100%|HS|  |TAMS 0x00000000e6000000, 0x00000000e5f00000| Untracked 
| 278|0x00000000e6000000, 0x00000000e6000000, 0x00000000e6100000|  0%| F|  |TAMS 0x00000000e6000000, 0x00000000e6000000| Untracked 
| 279|0x00000000e6100000, 0x00000000e6100000, 0x00000000e6200000|  0%| F|  |TAMS 0x00000000e6100000, 0x00000000e6100000| Untracked 
| 280|0x00000000e6200000, 0x00000000e6200000, 0x00000000e6300000|  0%| F|  |TAMS 0x00000000e6200000, 0x00000000e6200000| Untracked 
| 281|0x00000000e6300000, 0x00000000e6300000, 0x00000000e6400000|  0%| F|  |TAMS 0x00000000e6300000, 0x00000000e6300000| Untracked 
| 282|0x00000000e6400000, 0x00000000e6400000, 0x00000000e6500000|  0%| F|  |TAMS 0x00000000e6400000, 0x00000000e6400000| Untracked 
| 283|0x00000000e6500000, 0x00000000e6500000, 0x00000000e6600000|  0%| F|  |TAMS 0x00000000e6500000, 0x00000000e6500000| Untracked 
| 284|0x00000000e6600000, 0x00000000e6600000, 0x00000000e6700000|  0%| F|  |TAMS 0x00000000e6600000, 0x00000000e6600000| Untracked 
| 285| F2.3.0/lib/libextnet.so
79e396a91000-79e396a92000 rw-p 00002000 00:2c 1613462                    /home/dimitriseaborn/graaljvm/graalvm-ce-java11-22.3.0/lib/libextnet.so
79e396b00000-79e396c40000 rw-p 00000000 00:00 0 
79e396c40000-79e396d00000 ---p 00000000 00:00 0 
79e396d00000-79e396f00000 rw-p 00000000 00:00 0 
79e396f00000-79e397300000 rw-p 00000000 00:00 0 
79e397300000-79e397700000 rw-p 00000000 00:00 0 
79e3978ff000-79e397903000 ---p 00000000 00:00 0 
79e397903000-79e397f00000 rw-p 00000000 00:00 0 
79e397f00000-79e398100000 rw-p 00000000 00:00 0 
79e398100000-79e398500000 rw-p 00000000 00:00 0 
79e398500000-79e398700000 rw-p 00000000 00:00 0 
79e3988fe000-79e398902000 ---p 00000000 00:00 0 
79e398902000-79e398cff000 rw-p 00000000 00:00 0 
79e398cff000-79e398d03000 ---p 00000000 00:00 0 
79e398d03000-79e398f00000 rw-p 00000000 00:00 0 
79e3990fe000-79e3992fe000 rw-p 00000000 00:00 0 
79e3992fe000-79e3994fe000 rw-p 00000000 00:00 0 
79e3994fe000-79e3996fe000 rw-p 00000000 00:00 0 
79e3996fe000-79e3996ff000 ---p 00000000 00:00 0 
79e3996ff000-79e399800000 rw-p 00000000 00:00 0 
79e3999ff000-79e399bff000 rw-p 00000000 00:00 0 
79e399bff000-79e399c03000 ---p 00000000 00:00 0 
79e399c03000-79e39a000000 rw-p 00000000 00:00 0 
79e39a000000-79e39a200000 rw-p 00000000 00:00 0 
79e39a200000-79e39a600000 rw-p 00000000 00:00 0 
79e39a600000-79e39a800000 rw-p 00000000 00:00 0 
79e39a800000-79e39ac00000 rw-p 00000000 00:00 0 
79e39ac00000-79e39ae00000 rw-p 00000000 00:00 0 
79e39ae00000-79e39b000000 rw-p 00000000 00:00 0 
79e39b100000-79e39b300000 rw-p 00000000 00:00 0 
79e39b300000-79e39b500000 rw-p 00000000 00:00 0 
79e39b69a000-79e39b800000 r--s 00000000 00:2c 1619978                    /home/dimitriseaborn/.cache/netbeans/16/all-layers.dat
79e39b800000-79e39be00000 rw-p 00000000 00:00 0 
79e39be00000-79e39c000000 rw-p 00000000 00:00 0 
79e39c1ff000-79e39c3ff000 rw-p 00000000 00:00 0 
79e39c3ff000-79e39c403000 ---p 00000000 00:00 0 
79e39c403000-79e39c600000 rw-p 00000000 00:00 0 
79e39c731000-79e39c931000 rw-p 00000000 00:00 0 
79e39c931000-79e39c936000 r--s 00000000 00:2c 3918                       /var/cache/fontconfig/346bbd76-bd40-4eec-8486-53d84a0d5952-le64.cache-7
79e39c936000-79e39c93a000 r--s 00000000 00:2c 3905                       /var/cache/fontconfig/3ab93cb1-464e-4940-99aa-4664d5f5cc9a-le64.cache-7
79e39c93a000-79e39c945000 r--s 00000000 00:2c 87660                      /var/cache/fontconfig/927bd3a1-9e25-4347-a646-3eb7fe47c044-le64.cache-7
79e39c945000-79e39c946000 r--s 00000000 00:2c 1288965                    /var/cache/fontconfig/02659658-2c8a-4abf-af58-b66d1fd275f1-le64.cache-7
79e39c946000-79e39c94d000 r--s 00000000 00:2c 1300823                    /var/cache/fontconfig/b7c344fd-f37d-4183-b79d-06d6dd99d9a7-le64.cache-7
79e39c94d000-79e39c955000 r--s 00000000 00:2c 802316                     /var/cache/fontconfig/aca12954-2ccc-4dd1-9edb-e623a7c845ec-le64.cache-7
79e39c955000-79e39c968000 r--s 00000000 00:2c 1044699                    /var/cache/fontconfig/bd22d43d-5877-4435-8711-7c0b0f1e0447-le64.cache-7
79e39c968000-79e39c96a000 r--p 00000000 00:2c 1221198                    /usr/lib/x86_64-linux-gnu/libpcre2-8.so.0.10.1
79e39c96a000-79e39c9d5000 r-xp 00002000 00:2c 1221198                    /usr/lib/x86_64-linux-gnu/libpcre2-8.so.0.10.1
79e39c9d5000-79e39c9fe000 r--p 0006d000 00:2c 1221198                    /usr/lib/x86_64-linux-gnu/libpcre2-8.so.0.10.1
79e39c9fe000-79e39c9ff000 r--p 00095000 00:2c 1221198                    /usr/lib/x86_64-linux-gnu/libpcre2-8.so.0.10.1
79e39c9ff000-79e39ca00000 rw-p 00096000 00:2c 1221198                    /usr/lib/x86_64-linux-gnu/libpcre2-8.so.0.10.1
79e39cb00000-79e39cb05000 r--s 00000000 00:2c 1288961                    /var/cache/fontconfig/d5bb77f1-67c1-4ee1-b6af-8b1cfeb68349-le64.cache-7
79e39cb05000-79e39cb06000 r--s 00000000 00:2c 1587567                    /var/cache/fontconfig/07ccfe46-25f7-49c7-bdf1-d4a82cde2200-le64.cache-7
79e39cb06000-79e39cb0a000 r--s 00000000 00:2c 1300819                    /var/cache/fontconfig/3310cd8a-b52c-47ff-9917-226506a91c0e-le64.cache-7
79e39cb0a000-79e39cb16000 r--s 00000000 00:2c 72566                      /var/cache/fontconfig/2dc62fa5-b779-4d02-b197-3be457c782ac-le64.cache-7
79e39cb16000-79e39cb1a000 r--s 00000000 00:2c 1300811                    /var/cache/fontconfig/852ea570-2f27-420c-a484-c2446ebaa407-le64.cache-7
79e39cb1a000-79e39cb28000 r--s 00000000 00:2c 87648                      /var/cache/fontconfig/b260cbaf-1110-45b1-b514-f6315044d263-le64.cache-7
79e39cb28000-79e39cb3c000 r--s 00000000 00:2c 1587555                    /var/cache/fontconfig/fdbc2ced-7faa-52f2-bd1a-b7634829293e-le64.cache-7
79e39cb3c000-79e39cb45000 r--p 00000000 00:2c 135594                     /usr/lib/x86_64-linux-gnu/libblkid.so.1.1.0
79e39cb45000-79e39cb77000 r-xp 00009000 00:2c 135594                     /usr/lib/x86_64-linux-gnu/libblkid.so.1.1.0
79e39cb77000-79e39cb87000 r--p 0003b000 00:2c 135594                     /usr/lib/x86_64-linux-gnu/libblkid.so.1.1.0
79e39cb87000-79e39cb88000 ---p 0004b000 00:2c 135594                     /usr/lib/x86_64-linux-gnu/libblkid.so.1.1.0
79e39cb88000-79e39cb8c000 r--p 0004b000 00:2c 135594                     /usr/lib/x86_64-linux-gnu/libblkid.so.1.1.0
79e39cb8c000-79e39cb8d000 rw-p 0004f000 00:2c 135594                     /usr/lib/x86_64-linux-gnu/libblkid.so.1.1.0
79e39cb8d000-79e39cb8f000 r--p 00000000 00:2c 35632                      /usr/lib/x86_64-linux-gnu/libpcre.so.3.13.3
79e39cb8f000-79e39cbe0000 r-xp 00002000 00:2c 35632                      /usr/lib/x86_64-linux-gnu/libpcre.so.3.13.3
79e39cbe0000-79e39cbfe000 r--p 00053000 00:2c 35632                      /usr/lib/x86_64-linux-gnu/libpcre.so.3.13.3
79e39cbfe000-79e39cbff000 r--p 00070000 00:2c 35632                      /usr/lib/x86_64-linux-gnu/libpcre.so.3.13.3
79e39cbff000-79e39cc00000 rw-p 00071000 00:2c 35632                      /usr/lib/x86_64-linux-gnu/libpcre.so.3.13.3
79e39cc00000-79e39cc02000 r--s 00000000 00:2c 1300815                    /var/cache/fontconfig/a1bd94c7-3805-4fb3-8ace-e67cf2a8f4c0-le64.cache-7
79e39cc02000-79e39cc03000 r--s 00000000 00:2c 87652                      /var/cache/fontconfig/682cfa21-525b-4f49-a4db-12ec15608a6f-le64.cache-7
79e39cc03000-79e39cc08000 r--s 00000000 00:2c 3911                       /var/cache/fontconfig/4f661a83-a298-4ef4-99d0-1dc9101d8f02-le64.cache-7
79e39cc08000-79e39cc53000 r--s 00000000 00:2c 1587553                    /var/cache/fontconfig/5338306c-9226-5248-9329-02f822e16cf0-le64.cache-7
79e39cc53000-79e39cc6c000 r--s 00000000 00:2c 1587549                    /var/cache/fontconfig/ecfcf9b8-ddd3-50a0-959d-2a51b82c5f21-le64.cache-7
79e39cc7d000-79e39cc81000 ---p 00000000 00:00 0 
79e39cc81000-79e39cc9f000 rw-p 00000000 00:00 0 
79e39ccc1000-79e39ccea000 rw-s 00000000 00:01 3                          /SYSV00000000 (deleted)
79e39ccea000-79e39ccf1000 r--s 00000000 00:2c 1300807                    /var/cache/fontconfig/141ab2b0-6211-4b4d-80fb-73d979554f60-le64.cache-7
79e39ccf1000-79e39ccf4000 r--s 00000000 00:2c 1587563                    /var/cache/fontconfig/07e173fb-7335-4736-926e-432d24eb0fc9-le64.cache-7
79e39ccf4000-79e39ccf9000 r--s 00000000 00:2c 1587557                    /var/cache/fontconfig/c6014683-5147-5b9f-8083-90176ac445cf-le64.cache-7
79e39ccf9000-79e39ccfd000 r--s 00000000 00:2c 1587551                    /var/cache/fontconfig/25d360d5-df25-5296-859b-15f111457f61-le64.cache-7
79e39ccfd000-79e39ccff000 r--s 00000000 00:2c 1587545                    /var/cache/fontconfig/06e5352b-b987-5a15-9e53-35b2ad7b4fd2-le64.cache-7
79e39ccff000-79e39cd03000 r--s 00000000 00:2c 1587543                    /var/cache/fontconfig/8ada64d7-b526-5cc2-8b4a-0c1cedbcbcdc-le64.cache-7
79e39cd03000-79e39cd07000 r--p 00000000 00:2c 1508534                    /usr/lib/x86_64-linux-gnu/libresolv-2.31.so
79e39cd07000-79e39cd15000 r-xp 00004000 00:2c 1508534                    /usr/lib/x86_64-linux-gnu/libresolv-2.31.so
79e39cd15000-79e39cd19000 r--p 00012000 00:2c 1508534                    /usr/lib/x86_64-linux-gnu/libresolv-2.31.so
79e39cd19000-79e39cd1a000 r--p 00015000 00:2c 1508534                    /usr/lib/x86_64-linux-gnu/libresolv-2.31.so
79e39cd1a000-79e39cd1b000 rw-p 00016000 00:2c 1508534                    /usr/lib/x86_64-linux-gnu/libresolv-2.31.so
79e39cd1b000-79e39cd1d000 rw-p 00000000 00:00 0 
79e39cd1d000-79e39cd24000 r--p 00000000 00:2c 34322                      /usr/lib/x86_64-linux-gnu/libselinux.so.1
79e39cd24000-79e39cd3d000 r-xp 00007000 00:2c 34322                      /usr/lib/x86_64-linux-gnu/libselinux.so.1
79e39cd3d000-79e39cd45000 r--p 00020000 00:2c 34322                      /usr/lib/x86_64-linux-gnu/libselinux.so.1
79e39cd45000-79e39cd46000 r--p 00027000 00:2c 34322                      /usr/lib/x86_64-linux-gnu/libselinux.so.1
79e39cd46000-79e39cd47000 rw-p 00028000 00:2c 34322                      /usr/lib/x86_64-linux-gnu/libselinux.so.1
79e39cd47000-79e39cd49000 rw-p 00000000 00:00 0 
79e39cd49000-79e39cd54000 r--p 00000000 00:2c 135687                     /usr/lib/x86_64-linux-gnu/libmount.so.1.1.0
79e39cd54000-79e39cd90000 r-xp 0000b000 00:2c 135687                     /usr/lib/x86_64-linux-gnu/libmount.so.1.1.0
79e39cd90000-79e39cda2000 r--p 00047000 00:2c 135687                     /usr/lib/x86_64-linux-gnu/libmount.so.1.1.0
79e39cda2000-79e39cda3000 ---p 00059000 00:2c 135687                     /usr/lib/x86_64-linux-gnu/libmount.so.1.1.0
79e39cda3000-79e39cda5000 r--p 00059000 00:2c 135687                     /usr/lib/x86_64-linux-gnu/libmount.so.1.1.0
79e39cda5000-79e39cda6000 rw-p 0005b000 00:2c 135687                     /usr/lib/x86_64-linux-gnu/libmount.so.1.1.0
79e39cda6000-79e39cdb4000 r--p 00000000 00:2c 35285                      /usr/lib/x86_64-linux-gnu/libgobject-2.0.so.0.6600.8
79e39cdb4000-79e39cde3000 r-xp 0000e000 00:2c 35285                      /usr/lib/x86_64-linux-gnu/libgobject-2.0.so.0.6600.8
79e39cde3000-79e39cdfb000 r--p 0003d000 00:2c 35285                      /usr/lib/x86_64-linux-gnu/libgobject-2.0.so.0.6600.8
79e39cdfb000-79e39cdfc000 ---p 00055000 00:2c 35285                      /usr/lib/x86_64-linux-gnu/libgobject-2.0.so.0.6600.8
79e39cdfc000-79e39cdff000 r--p 00055000 00:2c 35285                      /usr/lib/x86_64-linux-gnu/libgobject-2.0.so.0.6600.8
79e39cdff000-79e39ce00000 rw-p 00058000 00:2c 35285                      /usr/lib/x86_64-linux-gnu/libgobject-2.0.so.0.6600.8
79e39cfa7000-79e39cfab000 ---p 00000000 00:00 0 
79e39cfab000-79e39d1c9000 rw-p 00000000 00:00 0 
79e39d1c9000-79e39d3c9000 rw-p 00000000 00:00 0 
79e39d3c9000-79e39d5c9000 rw-p 00000000 00:00 0 
79e39d5c9000-79e39d5ce000 r-xp 00000000 00:2c 746761                     /home/dimitriseaborn/.gradle/native/e1d6ef7f7dcc3fd88c89a11ec53ec762bb8ba0a96d01ffa2cd45eb1d1d8dd5c5/linux-amd64/libnative-platform.so
79e39d5ce000-79e39d7ce000 ---p 00005000 00:2c 746761                     /home/dimitriseaborn/.gradle/native/e1d6ef7f7dcc3fd88c89a11ec53ec762bb8ba0a96d01ffa2cd45eb1d1d8dd5c5/linux-amd64/libnative-platform.so
79e39d7ce000-79e39d7cf000 r--p 00005000 00:2c 746761                     /home/dimitriseaborn/.gradle/native/e1d6ef7f7dcc3fd88c89a11ec53ec762bb8ba0a96d01ffa2cd45eb1d1d8dd5c5/linux-amd64/libnative-platform.so
79e39d7cf000-79e39d7d0000 rw-p 00006000 00:2c 746761                     /home/dimitriseaborn/.gradle/native/e1d6ef7f7dcc3fd88c89a11ec53ec762bb8ba0a96d01ffa2cd45eb1d1d8dd5c5/linux-amd64/libnative-platform.so
79e39d7d0000-79e39d9d0000 rw-p 00000000 00:00 0 
79e39d9d0000-79e39dbd0000 rw-p 00000000 00:00 0 
79e39dbd0000-79e39ddd0000 rw-p 00000000 00:00 0 
79e39dddc000-79e39dddd000 r--p 00000000 00:2c 1508529                    /usr/lib/x86_64-linux-gnu/libnss_dns-2.31.so
79e39dddd000-79e39dde1000 r-xp 00001000 00:2c 1508529                    /usr/lib/x86_64-linux-gnu/libnss_dns-2.31.so
79e39dde1000-79e39dde2000 r--p 00005000 00:2c 1508529                    /usr/lib/x86_64-linux-gnu/libnss_dns-2.31.so
79e39dde2000-79e39dde3000 r--p 00005000 00:2c 1508529                    /usr/lib/x86_64-linux-gnu/libnss_dns-2.31.so
79e39dde3000-79e39dde4000 rw-p 00006000 00:2c 1508529                    /usr/lib/x86_64-linux-gnu/libnss_dns-2.31.so
79e39dde4000-79e39dde5000 r--p 00000000 00:2c 54130                      /usr/lib/x86_64-linux-gnu/libnss_mdns4_minimal.so.2
79e39dde5000-79e39dde7000 r-xp 00001000 00:2c 54130                      /usr/lib/x86_64-linux-gnu/libnss_mdns4_minimal.so.2
79e39dde7000-79e39dde8000 r--p 00003000 00:2c 54130                      /usr/lib/x86_64-linux-gnu/libnss_mdns4_minimal.so.2
79e39dde8000-79e39dde9000 r--p 00003000 00:2c 54130                      /usr/lib/x86_64-linux-gnu/libnss_mdns4_minimal.so.2
79e39dde9000-79e39ddea000 rw-p 00004000 00:2c 54130                      /usr/lib/x86_64-linux-gnu/libnss_mdns4_minimal.so.2
79e39ddf5000-79e39ddf7000 r--s 00000000 00:2c 1640564                    /tmp/output1674193437739
79e39ddf8000-79e39ddf9000 r--s 00000000 00:2c 1624626                    /tmp/output1674190039086
79e39ddfc000-79e39de03000 r--s 00000000 00:2c 1508787                    /usr/lib/x86_64-linux-gnu/gconv/gconv-modules.cache
79e39de04000-79e39de09000 r--s 00000000 00:2c 1587537                    /var/cache/fontconfig/35996e83-c26e-5d18-916d-d04e406ae66d-le64.cache-7
79e39de09000-79e39de0d000 r--p 00000000 00:2c 34447                      /usr/lib/x86_64-linux-gnu/gio/modules/libdconfsettings.so
79e39de0d000-79e39de14000 r-xp 00004000 00:2c 34447                      /usr/lib/x86_64-linux-gnu/gio/modules/libdconfsettings.so
79e39de14000-79e39de17000 r--p 0000b000 00:2c 34447                      /usr/lib/x86_64-linux-gnu/gio/modules/libdconfsettings.so
79e39de17000-79e39de18000 ---p 0000e000 00:2c 34447                      /usr/lib/x86_64-linux-gnu/gio/modules/libdconfsettings.so
79e39de18000-79e39de19000 r--p 0000e000 00:2c 34447                      /usr/lib/x86_64-linux-gnu/gio/modules/libdconfsettings.so
79e39de19000-79e39de1a000 rw-p 0000f000 00:2c 34447                      /usr/lib/x86_64-linux-gnu/gio/modules/libdconfsettings.so
79e39de1a000-79e39de27000 r--p 00000000 00:2c 691783                     /usr/lib/x86_64-linux-gnu/libfreetype.so.6.17.4
79e39de27000-79e39deaa000 r-xp 0000d000 00:2c 691783                     /usr/lib/x86_64-linux-gnu/libfreetype.so.6.17.4
79e39deaa000-79e39ded4000 r--p 00090000 00:2c 691783                     /usr/lib/x86_64-linux-gnu/libfreetype.so.6.17.4
79e39ded4000-79e39ded5000 ---p 000ba000 00:2c 691783                     /usr/lib/x86_64-linux-gnu/libfreetype.so.6.17.4
79e39ded5000-79e39dedc000 r--p 000ba000 00:2c 691783                     /usr/lib/x86_64-linux-gnu/libfreetype.so.6.17.4
79e39dedc000-79e39dedd000 rw-p 000c1000 00:2c 691783                     /usr/lib/x86_64-linux-gnu/libfreetype.so.6.17.4
79e39dedd000-79e39fdfd000 r-xp 00000000 00:2c 1613411                    /home/dimitriseaborn/graaljvm/graalvm-ce-java11-22.3.0/lib/libjvmcicompiler.so
79e39fdfd000-79e39fffc000 ---p 01f20000 00:2c 1613411                    /home/dimitriseaborn/graaljvm/graalvm-ce-java11-22.3.0/lib/libjvmcicompiler.so
79e39fffc000-79e39fffd000 r--p 01f1f000 00:2c 1613411                    /home/dimitriseaborn/graaljvm/graalvm-ce-java11-22.3.0/lib/libjvmcicompiler.so
79e39fffd000-79e39ffff000 rw-p 01f20000 00:2c 1613411                    /home/dimitriseaborn/graaljvm/graalvm-ce-java11-22.3.0/lib/libjvmcicompiler.so
79e39ffff000-79e3a0000000 rw-p 00000000 00:00 0 
79e3a0000000-79e3a1f5f000 rw-p 00000000 00:00 0 
79e3a1f5f000-79e3a4000000 ---p 00000000 00:00 0 
79e3a4000000-79e3a6116000 rw-p 00000000 00:00 0 
79e3a6116000-79e3a8000000 ---p 00000000 00:00 0 
79e3a8000000-79e3a88c2000 rw-p 00000000 00:00 0 
79e3a88c2000-79e3ac000000 ---p 00000000 00:00 0 
79e3ac000000-79e3aef45000 rw-p 00000000 00:00 0 
79e3aef45000-79e3b0000000 ---p 00000000 00:00 0 
79e3b0000000-79e3b1461000 rw-p 00000000 00:00 0 
79e3b1461000-79e3b4000000 ---p 00000000 00:00 0 
79e3b4000000-79e3b7ffe000 rw-p 00000000 00:00 0 
79e3b7ffe000-79e3b8000000 ---p 00000000 00:00 0 
79e3b8000000-79e3b8bc3000 rw-p 00000000 00:00 0 
79e3b8bc3000-79e3bc000000 ---p 00000000 00:00 0 
79e3bc000000-79e3bc67a000 rw-p 00000000 00:00 0 
79e3bc67a000-79e3c0000000 ---p 00000000 00:00 0 
79e3c0000000-79e3c0e7a000 rw-p 00000000 00:00 0 
79e3c0e7a000-79e3c4000000 ---p 00000000 00:00 0 
79e3c4000000-79e3c4b9b000 rw-p 00000000 00:00 0 
79e3c4b9b000-79e3c8000000 ---p 00000000 00:00 0 
79e3c8000000-79e3c86a2000 rw-p 00000000 00:00 0 
79e3c86a2000-79e3cc000000 ---p 00000000 00:00 0 
79e3cc000000-79e3cc003000 r--s 00000000 00:2c 1587541                    /var/cache/fontconfig/8bd84d6d-a9b4-5c00-9bfb-db57412cc611-le64.cache-7
79e3cc003000-79e3cc005000 r--p 00000000 00:2c 36834                      /usr/lib/x86_64-linux-gnu/libXfixes.so.3.1.0
79e3cc005000-79e3cc008000 r-xp 00002000 00:2c 36834                      /usr/lib/x86_64-linux-gnu/libXfixes.so.3.1.0
79e3cc008000-79e3cc009000 r--p 00005000 00:2c 36834                      /usr/lib/x86_64-linux-gnu/libXfixes.so.3.1.0
79e3cc009000-79e3cc00a000 r--p 00005000 00:2c 36834                      /usr/lib/x86_64-linux-gnu/libXfixes.so.3.1.0
79e3cc00a000-79e3cc00b000 rw-p 00006000 00:2c 36834                      /usr/lib/x86_64-linux-gnu/libXfixes.so.3.1.0
79e3cc00b000-79e3cc00d000 r--p 00000000 00:2c 36691                      /usr/lib/x86_64-linux-gnu/libffi.so.7.1.0
79e3cc00d000-79e3cc013000 r-xp 00002000 00:2c 36691                      /usr/lib/x86_64-linux-gnu/libffi.so.7.1.0
79e3cc013000-79e3cc015000 r--p 00008000 00:2c 36691                      /usr/lib/x86_64-linux-gnu/libffi.so.7.1.0
79e3cc015000-79e3cc016000 r--p 00009000 00:2c 36691                      /usr/lib/x86_64-linux-gnu/libffi.so.7.1.0
79e3cc016000-79e3cc017000 rw-p 0000a000 00:2c 36691                      /usr/lib/x86_64-linux-gnu/libffi.so.7.1.0
79e3cc017000-79e3cc018000 r--p 00000000 00:2c 35261                      /usr/lib/x86_64-linux-gnu/libgmodule-2.0.so.0.6600.8
79e3cc018000-79e3cc01a000 r-xp 00001000 00:2c 35261                      /usr/lib/x86_64-linux-gnu/libgmodule-2.0.so.0.6600.8
79e3cc01a000-79e3cc01b000 r--p 00003000 00:2c 35261                      /usr/lib/x86_64-linux-gnu/libgmodule-2.0.so.0.6600.8
79e3cc01b000-79e3cc01c000 r--p 00003000 00:2c 35261                      /usr/lib/x86_64-linux-gnu/libgmodule-2.0.so.0.6600.8
79e3cc01c000-79e3cc01d000 rw-p 00004000 00:2c 35261                      /usr/lib/x86_64-linux-gnu/libgmodule-2.0.so.0.6600.8
79e3cc01d000-79e3cc01e000 r--p 00000000 00:2c 36720                      /usr/lib/x86_64-linux-gnu/libbrotlicommon.so.1.0.9
79e3cc01e000-79e3cc01f000 r-xp 00001000 00:2c 36720                      /usr/lib/x86_64-linux-gnu/libbrotlicommon.so.1.0.9
79e3cc01f000-79e3cc03e000 r--p 00002000 00:2c 36720                      /usr/lib/x86_64-linux-gnu/libbrotlicommon.so.1.0.9
79e3cc03e000-79e3cc03f000 r--p 00020000 00:2c 36720                      /usr/lib/x86_64-linux-gnu/libbrotlicommon.so.1.0.9
79e3cc03f000-79e3cc040000 rw-p 00021000 00:2c 36720                      /usr/lib/x86_64-linux-gnu/libbrotlicommon.so.1.0.9
79e3cc040000-79e3cc041000 r--p 00000000 00:2c 35066                      /usr/lib/x86_64-linux-gnu/libbrotlidec.so.1.0.9
79e3cc041000-79e3cc049000 r-xp 00001000 00:2c 35066                      /usr/lib/x86_64-linux-gnu/libbrotlidec.so.1.0.9
79e3cc049000-79e3cc04c000 r--p 00009000 00:2c 35066                      /usr/lib/x86_64-linux-gnu/libbrotlidec.so.1.0.9
79e3cc04c000-79e3cc04d000 r--p 0000b000 00:2c 35066                      /usr/lib/x86_64-linux-gnu/libbrotlidec.so.1.0.9
79e3cc04d000-79e3cc04e000 rw-p 0000c000 00:2c 35066                      /usr/lib/x86_64-linux-gnu/libbrotlidec.so.1.0.9
79e3cc04e000-79e3cc054000 r--p 00000000 00:2c 34366                      /usr/lib/x86_64-linux-gnu/libpng16.so.16.37.0
79e3cc054000-79e3cc07a000 r-xp 00006000 00:2c 34366                      /usr/lib/x86_64-linux-gnu/libpng16.so.16.37.0
79e3cc07a000-79e3cc086000 r--p 0002c000 00:2c 34366                      /usr/lib/x86_64-linux-gnu/libpng16.so.16.37.0
79e3cc086000-79e3cc087000 r--p 00037000 00:2c 34366                      /usr/lib/x86_64-linux-gnu/libpng16.so.16.37.0
79e3cc087000-79e3cc088000 rw-p 00038000 00:2c 34366                      /usr/lib/x86_64-linux-gnu/libpng16.so.16.37.0
79e3cc088000-79e3cc08a000 r--p 00000000 00:2c 35080                      /usr/lib/x86_64-linux-gnu/libmd.so.0.0.4
79e3cc08a000-79e3cc091000 r-xp 00002000 00:2c 35080                      /usr/lib/x86_64-linux-gnu/libmd.so.0.0.4
79e3cc091000-79e3cc093000 r--p 00009000 00:2c 35080                      /usr/lib/x86_64-linux-gnu/libmd.so.0.0.4
79e3cc093000-79e3cc094000 r--p 0000a000 00:2c 35080                      /usr/lib/x86_64-linux-gnu/libmd.so.0.0.4
79e3cc094000-79e3cc095000 rw-p 0000b000 00:2c 35080                      /usr/lib/x86_64-linux-gnu/libmd.so.0.0.4
79e3cc095000-79e3cc099000 r--p 00000000 00:2c 36734                      /usr/lib/x86_64-linux-gnu/libbsd.so.0.11.3
79e3cc099000-79e3cc0a5000 r-xp 00004000 00:2c 36734                      /usr/lib/x86_64-linux-gnu/libbsd.so.0.11.3
79e3cc0a5000-79e3cc0a8000 r--p 00010000 00:2c 36734                      /usr/lib/x86_64-linux-gnu/libbsd.so.0.11.3
79e3cc0a8000-79e3cc0a9000 ---p 00013000 00:2c 36734                      /usr/lib/x86_64-linux-gnu/libbsd.so.0.11.3
79e3cc0a9000-79e3cc0aa000 r--p 00013000 00:2c 36734                      /usr/lib/x86_64-linux-gnu/libbsd.so.0.11.3
79e3cc0aa000-79e3cc0ab000 rw-p 00014000 00:2c 36734                      /usr/lib/x86_64-linux-gnu/libbsd.so.0.11.3
79e3cc0ab000-79e3cc0ac000 rw-p 00000000 00:00 0 
79e3cc0ac000-79e3cc0b8000 r--p 00000000 00:2c 36825                      /usr/lib/x86_64-linux-gnu/libxcb.so.1.1.0
79e3cc0b8000-79e3cc0cc000 r-xp 0000c000 00:2c 36825                      /usr/lib/x86_64-linux-gnu/libxcb.so.1.1.0
79e3cc0cc000-79e3cc0d5000 r--p 00020000 00:2c 36825                      /usr/lib/x86_64-linux-gnu/libxcb.so.1.1.0
79e3cc0d5000-79e3cc0d6000 r--p 00028000 00:2c 36825                      /usr/lib/x86_64-linux-gnu/libxcb.so.1.1.0
79e3cc0d6000-79e3cc0d7000 rw-p 00029000 00:2c 36825                      /usr/lib/x86_64-linux-gnu/libxcb.so.1.1.0
79e3cc0d7000-79e3cc0d9000 r--p 00000000 00:2c 36667                      /usr/lib/x86_64-linux-gnu/libXi.so.6.1.0
79e3cc0d9000-79e3cc0e4000 r-xp 00002000 00:2c 36667                      /usr/lib/x86_64-linux-gnu/libXi.so.6.1.0
79e3cc0e4000-79e3cc0e7000 r--p 0000d000 00:2c 36667                      /usr/lib/x86_64-linux-gnu/libXi.so.6.1.0
79e3cc0e7000-79e3cc0e8000 r--p 0000f000 00:2c 36667                      /usr/lib/x86_64-linux-gnu/libXi.so.6.1.0
79e3cc0e8000-79e3cc0e9000 rw-p 00010000 00:2c 36667                      /usr/lib/x86_64-linux-gnu/libXi.so.6.1.0
79e3cc0e9000-79e3cc0fe000 r-xp 00000000 00:2c 1613487                    /home/dimitriseaborn/graaljvm/graalvm-ce-java11-22.3.0/lib/libnet.so
79e3cc0fe000-79e3cc2fd000 ---p 00015000 00:2c 1613487                    /home/dimitriseaborn/graaljvm/graalvm-ce-java11-22.3.0/lib/libnet.so
79e3cc2fd000-79e3cc2fe000 r--p 00014000 00:2c 1613487                    /home/dimitriseaborn/graaljvm/graalvm-ce-java11-22.3.0/lib/libnet.so
79e3cc2fe000-79e3cc2ff000 rw-p 00015000 00:2c 1613487                    /home/dimitriseaborn/graaljvm/graalvm-ce-java11-22.3.0/lib/libnet.so
79e3cc2ff000-79e3cc30f000 r-xp 00000000 00:2c 1613488                    /home/dimitriseaborn/graaljvm/graalvm-ce-java11-22.3.0/lib/libnio.so
79e3cc30f000-79e3cc50f000 ---p 00010000 00:2c 1613488                    /home/dimitriseaborn/graaljvm/graalvm-ce-java11-22.3.0/lib/libnio.so
79e3cc50f000-79e3cc510000 r--p 00010000 00:2c 1613488                    /home/dimitriseaborn/graaljvm/graalvm-ce-java11-22.3.0/lib/libnio.so
79e3cc510000-79e3cc511000 rw-p 00011000 00:2c 1613488                    /home/dimitriseaborn/graaljvm/graalvm-ce-java11-22.3.0/lib/libnio.so
79e3cc511000-79e3cc515000 ---p 00000000 00:00 0 
79e3cc515000-79e3cc712000 rw-p 00000000 00:00 0 
79e3cc712000-79e3cc716000 ---p 00000000 00:00 0 
79e3cc716000-79e3cc913000 rw-p 00000000 00:00 0 
79e3cc913000-79e3cc917000 ---p 00000000 00:00 0 
79e3cc917000-79e3ccb14000 rw-p 00000000 00:00 0 
79e3ccb14000-79e3ccb18000 ---p 00000000 00:00 0 
79e3ccb18000-79e3ccd15000 rw-p 00000000 00:00 0 
79e3ccd15000-79e3ccd19000 ---p 00000000 00:00 0 
79e3ccd19000-79e3ccf16000 rw-p 00000000 00:00 0 
79e3ccf16000-79e3ccf1a000 ---p 00000000 00:00 0 
79e3ccf1a000-79e3cd117000 rw-p 00000000 00:00 0 
79e3cd117000-79e3cd3fe000 r--p 00000000 00:2c 1556150                    /usr/lib/locale/locale-archive
79e3cd3fe000-79e3cd402000 ---p 00000000 00:00 0 
79e3cd402000-79e3cd5ff000 rw-p 00000000 00:00 0 
79e3cd5ff000-79e3cd603000 ---p 00000000 00:00 0 
79e3cd603000-79e3d0000000 rw-p 00000000 00:00 0 
79e3d0000000-79e3d0054000 rw-p 00000000 00:00 0 
79e3d0054000-79e3d4000000 ---p 00000000 00:00 0 
79e3d4000000-79e3d4e35000 rw-p 00000000 00:00 0 
79e3d4e35000-79e3d8000000 ---p 00000000 00:00 0 
79e3d8000000-79e3d8eb4000 rw-p 00000000 00:00 0 
79e3d8eb4000-79e3dc000000 ---p 00000000 00:00 0 
79e3dc000000-79e3dc004000 r--s 00000000 00:2c 1587539                    /var/cache/fontconfig/06003b5a-a626-5d98-b4d3-465c62f9a35a-le64.cache-7
79e3dc004000-79e3dc008000 r--p 00000000 00:2c 36685                      /usr/lib/x86_64-linux-gnu/libXext.so.6.4.0
79e3dc008000-79e3dc013000 r-xp 00004000 00:2c 36685                      /usr/lib/x86_64-linux-gnu/libXext.so.6.4.0
79e3dc013000-79e3dc017000 r--p 0000f000 00:2c 36685                      /usr/lib/x86_64-linux-gnu/libXext.so.6.4.0
79e3dc017000-79e3dc018000 r--p 00012000 00:2c 36685                      /usr/lib/x86_64-linux-gnu/libXext.so.6.4.0
79e3dc018000-79e3dc019000 rw-p 00013000 00:2c 36685                      /usr/lib/x86_64-linux-gnu/libXext.so.6.4.0
79e3dc019000-79e3dc01c000 r--p 00000000 00:2c 35107                      /usr/lib/x86_64-linux-gnu/libXcursor.so.1.0.2
79e3dc01c000-79e3dc022000 r-xp 00003000 00:2c 35107                      /usr/lib/x86_64-linux-gnu/libXcursor.so.1.0.2
79e3dc022000-79e3dc024000 r--p 00009000 00:2c 35107                      /usr/lib/x86_64-linux-gnu/libXcursor.so.1.0.2
79e3dc024000-79e3dc025000 r--p 0000a000 00:2c 35107                      /usr/lib/x86_64-linux-gnu/libXcursor.so.1.0.2
79e3dc025000-79e3dc026000 rw-p 0000b000 00:2c 35107                      /usr/lib/x86_64-linux-gnu/libXcursor.so.1.0.2
79e3dc026000-79e3dc032000 r--p 00000000 00:2c 379238                     /usr/share/glib-2.0/schemas/gschemas.compiled
79e3dc032000-79e3dc063000 rw-p 00000000 00:00 0 
79e3dc063000-79e3dc064000 ---p 00000000 00:00 0 
79e3dc064000-79e3dc196000 rw-p 00000000 00:00 0 
79e3dc196000-79e3dc197000 ---p 00000000 00:00 0 
79e3dc197000-79e3dc374000 rw-p 00000000 00:00 0 
79e3dc374000-79e3dc375000 ---p 00000000 00:00 0 
79e3dc375000-79e3dc476000 rw-p 00000000 00:00 0 
79e3dc476000-79e3dc477000 ---p 00000000 00:00 0 
79e3dc477000-79e3dc578000 rw-p 00000000 00:00 0 
79e3dc578000-79e3dc579000 ---p 00000000 00:00 0 
79e3dc579000-79e3dc87c000 rw-p 00000000 00:00 0 
79e3dc87c000-79e3dc87d000 ---p 00000000 00:00 0 
79e3dc87d000-79e3dc97e000 rw-p 00000000 00:00 0 
79e3dc97e000-79e3dc97f000 ---p 00000000 00:00 0 
79e3dc97f000-79e3dd548000 rw-p 00000000 00:00 0 
79e3dd548000-79e3dd558000 rw-p 00000000 00:00 0 
79e3dd558000-79e3de020000 rw-p 00000000 00:00 0 
79e3de020000-79e3de030000 rw-p 00000000 00:00 0 
79e3de030000-79e3de189000 rw-p 00000000 00:00 0 
79e3de189000-79e3de18b000 rw-p 00000000 00:00 0 
79e3de18b000-79e3de2e4000 rw-p 00000000 00:00 0 
79e3de2e4000-79e3de2e6000 rw-p 00000000 00:00 0 
79e3de2e6000-79e3de43f000 rw-p 00000000 00:00 0 
79e3de43f000-79e3de441000 rw-p 00000000 00:00 0 
79e3de441000-79e3de643000 rw-p 00000000 00:00 0 
79e3de643000-79e3e4d02000 rwxp 00000000 00:00 0 
79e3e4d02000-79e3e890a000 ---p 00000000 00:00 0 
79e3e890a000-79e3ea4ba000 rwxp 00000000 00:00 0 
79e3ea4ba000-79e3f2643000 ---p 00000000 00:00 0 
79e3f2643000-79e3fc000000 r--s 00000000 00:2c 1613461                    /home/dimitriseaborn/graaljvm/graalvm-ce-java11-22.3.0/lib/modules
79e3fc000000-79e3fe0cb000 rw-p 00000000 00:00 0 
79e3fe0cb000-79e400000000 ---p 00000000 00:00 0 
79e400000000-79e400001000 r--s 00000000 00:2c 1587559                    /var/cache/fontconfig/d16b50f9-5693-5ab2-bbdc-14f7a8db5b18-le64.cache-7
79e400001000-79e400002000 r--p 00000000 00:2c 35311                      /usr/lib/x86_64-linux-gnu/libXau.so.6.0.0
79e400002000-79e400003000 r-xp 00001000 00:2c 35311                      /usr/lib/x86_64-linux-gnu/libXau.so.6.0.0
79e400003000-79e400004000 r--p 00002000 00:2c 35311                      /usr/lib/x86_64-linux-gnu/libXau.so.6.0.0
79e400004000-79e400005000 r--p 00002000 00:2c 35311                      /usr/lib/x86_64-linux-gnu/libXau.so.6.0.0
79e400005000-79e400006000 rw-p 00003000 00:2c 35311                      /usr/lib/x86_64-linux-gnu/libXau.so.6.0.0
79e400006000-79e400088000 rw-p 00000000 00:00 0 
79e400088000-79e400089000 ---p 00000000 00:00 0 
79e400089000-79e4001c2000 rw-p 00000000 00:00 0 
79e4001c2000-79e4002c5000 ---p 00000000 00:00 0 
79e4002c5000-79e400388000 rw-p 00000000 00:00 0 
79e400388000-79e400400000 ---p 00000000 00:00 0 
79e400400000-79e40040c000 rw-p 00000000 00:00 0 
79e40040c000-79e400413000 r-xp 00000000 00:2c 1613485                    /home/dimitriseaborn/graaljvm/graalvm-ce-java11-22.3.0/lib/libzip.so
79e400413000-79e400613000 ---p 00007000 00:2c 1613485                    /home/dimitriseaborn/graaljvm/graalvm-ce-java11-22.3.0/lib/libzip.so
79e400613000-79e400614000 r--p 00007000 00:2c 1613485                    /home/dimitriseaborn/graaljvm/graalvm-ce-java11-22.3.0/lib/libzip.so
79e400614000-79e400615000 rw-p 00008000 00:2c 1613485                    /home/dimitriseaborn/graaljvm/graalvm-ce-java11-22.3.0/lib/libzip.so
79e400615000-79e40061d000 rw-s 00000000 00:2c 1622040                    /tmp/hsperfdata_dimitriseaborn/2974
79e40061d000-79e400638000 r-xp 00000000 00:2c 1613486                    /home/dimitriseaborn/graaljvm/graalvm-ce-java11-22.3.0/lib/libjimage.so
79e400638000-79e400837000 ---p 0001b000 00:2c 1613486                    /home/dimitriseaborn/graaljvm/graalvm-ce-java11-22.3.0/lib/libjimage.so
79e400837000-79e400839000 r--p 0001a000 00:2c 1613486                    /home/dimitriseaborn/graaljvm/graalvm-ce-java11-22.3.0/lib/libjimage.so
79e400839000-79e40083a000 rw-p 0001c000 00:2c 1613486                    /home/dimitriseaborn/graaljvm/graalvm-ce-java11-22.3.0/lib/libjimage.so
79e40083a000-79e400864000 r-xp 00000000 00:2c 1613484                    /home/dimitriseaborn/graaljvm/graalvm-ce-java11-22.3.0/lib/libjava.so
79e400864000-79e400a63000 ---p 0002a000 00:2c 1613484                    /home/dimitriseaborn/graaljvm/graalvm-ce-java11-22.3.0/lib/libjava.so
79e400a63000-79e400a64000 r--p 00029000 00:2c 1613484                    /home/dimitriseaborn/graaljvm/graalvm-ce-java11-22.3.0/lib/libjava.so
79e400a64000-79e400a65000 rw-p 0002a000 00:2c 1613484                    /home/dimitriseaborn/graaljvm/graalvm-ce-java11-22.3.0/lib/libjava.so
79e400a65000-79e400a66000 rw-p 00000000 00:00 0 
79e400a66000-79e400a73000 r-xp 00000000 00:2c 1613483                    /home/dimitriseaborn/graaljvm/graalvm-ce-java11-22.3.0/lib/libverify.so
79e400a73000-79e400c72000 ---p 0000d000 00:2c 1613483                    /home/dimitriseaborn/graaljvm/graalvm-ce-java11-22.3.0/lib/libverify.so
79e400c72000-79e400c74000 r--p 0000c000 00:2c 1613483                    /home/dimitriseaborn/graaljvm/graalvm-ce-java11-22.3.0/lib/libverify.so
79e400c74000-79e400c75000 rw-p 0000e000 00:2c 1613483                    /home/dimitriseaborn/graaljvm/graalvm-ce-java11-22.3.0/lib/libverify.so
79e400c75000-79e400c77000 r--p 00000000 00:2c 1508535                    /usr/lib/x86_64-linux-gnu/librt-2.31.so
79e400c77000-79e400c7b000 r-xp 00002000 00:2c 1508535                    /usr/lib/x86_64-linux-gnu/librt-2.31.so
79e400c7b000-79e400c7d000 r--p 00006000 00:2c 1508535                    /usr/lib/x86_64-linux-gnu/librt-2.31.so
79e400c7d000-79e400c7e000 r--p 00007000 00:2c 1508535                    /usr/lib/x86_64-linux-gnu/librt-2.31.so
79e400c7e000-79e400c7f000 rw-p 00008000 00:2c 1508535                    /usr/lib/x86_64-linux-gnu/librt-2.31.so
79e400c7f000-79e400c83000 ---p 00000000 00:00 0 
79e400c83000-79e400e80000 rw-p 00000000 00:00 0 
79e400e80000-79e400e8d000 r--p 00000000 00:2c 1508524                    /usr/lib/x86_64-linux-gnu/libm-2.31.so
79e400e8d000-79e400f27000 r-xp 0000d000 00:2c 1508524                    /usr/lib/x86_64-linux-gnu/libm-2.31.so
79e400f27000-79e400fc2000 r--p 000a7000 00:2c 1508524                    /usr/lib/x86_64-linux-gnu/libm-2.31.so
79e400fc2000-79e400fc3000 r--p 00141000 00:2c 1508524                    /usr/lib/x86_64-linux-gnu/libm-2.31.so
79e400fc3000-79e400fc4000 rw-p 00142000 00:2c 1508524                    /usr/lib/x86_64-linux-gnu/libm-2.31.so
79e400fc4000-79e402184000 r-xp 00000000 00:2c 1613512                    /home/dimitriseaborn/graaljvm/graalvm-ce-java11-22.3.0/lib/server/libjvm.so
79e402184000-79e402384000 ---p 011c0000 00:2c 1613512                    /home/dimitriseaborn/graaljvm/graalvm-ce-java11-22.3.0/lib/server/libjvm.so
79e402384000-79e402446000 r--p 011c0000 00:2c 1613512                    /home/dimitriseaborn/graaljvm/graalvm-ce-java11-22.3.0/lib/server/libjvm.so
79e402446000-79e402481000 rw-p 01282000 00:2c 1613512                    /home/dimitriseaborn/graaljvm/graalvm-ce-java11-22.3.0/lib/server/libjvm.so
79e402481000-79e4024da000 rw-p 00000000 00:00 0 
79e4024da000-79e4024fc000 r--p 00000000 00:2c 1508522                    /usr/lib/x86_64-linux-gnu/libc-2.31.so
79e4024fc000-79e402656000 r-xp 00022000 00:2c 1508522                    /usr/lib/x86_64-linux-gnu/libc-2.31.so
79e402656000-79e4026a5000 r--p 0017c000 00:2c 1508522                    /usr/lib/x86_64-linux-gnu/libc-2.31.so
79e4026a5000-79e4026a9000 r--p 001ca000 00:2c 1508522                    /usr/lib/x86_64-linux-gnu/libc-2.31.so
79e4026a9000-79e4026ab000 rw-p 001ce000 00:2c 1508522                    /usr/lib/x86_64-linux-gnu/libc-2.31.so
79e4026ab000-79e4026af000 rw-p 00000000 00:00 0 
79e4026af000-79e4026b0000 r--p 00000000 00:2c 1508523                    /usr/lib/x86_64-linux-gnu/libdl-2.31.so
79e4026b0000-79e4026b2000 r-xp 00001000 00:2c 1508523                    /usr/lib/x86_64-linux-gnu/libdl-2.31.so
79e4026b2000-79e4026b3000 r--p 00003000 00:2c 1508523                    /usr/lib/x86_64-linux-gnu/libdl-2.31.so
79e4026b3000-79e4026b4000 r--p 00003000 00:2c 1508523                    /usr/lib/x86_64-linux-gnu/libdl-2.31.so
79e4026b4000-79e4026b5000 rw-p 00004000 00:2c 1508523                    /usr/lib/x86_64-linux-gnu/libdl-2.31.so
79e4026b5000-79e4026c5000 r-xp 00000000 00:2c 1613516                    /home/dimitriseaborn/graaljvm/graalvm-ce-java11-22.3.0/lib/jli/libjli.so
79e4026c5000-79e4028c4000 ---p 00010000 00:2c 1613516                    /home/dimitriseaborn/graaljvm/graalvm-ce-java11-22.3.0/lib/jli/libjli.so
79e4028c4000-79e4028c5000 r--p 0000f000 00:2c 1613516                    /home/dimitriseaborn/graaljvm/graalvm-ce-java11-22.3.0/lib/jli/libjli.so
79e4028c5000-79e4028c6000 rw-p 00010000 00:2c 1613516                    /home/dimitriseaborn/graaljvm/graalvm-ce-java11-22.3.0/lib/jli/libjli.so
79e4028c6000-79e4028cc000 r--p 00000000 00:2c 1508533                    /usr/lib/x86_64-linux-gnu/libpthread-2.31.so
79e4028cc000-79e4028dc000 r-xp 00006000 00:2c 1508533                    /usr/lib/x86_64-linux-gnu/libpthread-2.31.so
79e4028dc000-79e4028e2000 r--p 00016000 00:2c 1508533                    /usr/lib/x86_64-linux-gnu/libpthread-2.31.so
79e4028e2000-79e4028e3000 r--p 0001b000 00:2c 1508533                    /usr/lib/x86_64-linux-gnu/libpthread-2.31.so
79e4028e3000-79e4028e4000 rw-p 0001c000 00:2c 1508533                    /usr/lib/x86_64-linux-gnu/libpthread-2.31.so
79e4028e4000-79e4028e8000 rw-p 00000000 00:00 0 
79e4028e8000-79e4028eb000 r--p 00000000 00:2c 1105670                    /usr/lib/x86_64-linux-gnu/libz.so.1.2.11
79e4028eb000-79e4028fc000 r-xp 00003000 00:2c 1105670                    /usr/lib/x86_64-linux-gnu/libz.so.1.2.11
79e4028fc000-79e402902000 r--p 00014000 00:2c 1105670                    /usr/lib/x86_64-linux-gnu/libz.so.1.2.11
79e402902000-79e402903000 ---p 0001a000 00:2c 1105670                    /usr/lib/x86_64-linux-gnu/libz.so.1.2.11
79e402903000-79e402904000 r--p 0001a000 00:2c 1105670                    /usr/lib/x86_64-linux-gnu/libz.so.1.2.11
79e402904000-79e402905000 rw-p 0001b000 00:2c 1105670                    /usr/lib/x86_64-linux-gnu/libz.so.1.2.11
79e402905000-79e402906000 r--s 00000000 00:2c 1587547                    /var/cache/fontconfig/64052182-6046-5459-acfd-5dabda19f3e5-le64.cache-7
79e402906000-79e402907000 r--p 00000000 00:2c 1364776                    /etc/dconf/db/local
79e402907000-79e402908000 r--p 00000000 00:2c 1613358                    /home/dimitriseaborn/.config/dconf/user
79e402908000-79e40290b000 r--p 00000000 00:2c 1508530                    /usr/lib/x86_64-linux-gnu/libnss_files-2.31.so
79e40290b000-79e402912000 r-xp 00003000 00:2c 1508530                    /usr/lib/x86_64-linux-gnu/libnss_files-2.31.so
79e402912000-79e402914000 r--p 0000a000 00:2c 1508530                    /usr/lib/x86_64-linux-gnu/libnss_files-2.31.so
79e402914000-79e402915000 r--p 0000b000 00:2c 1508530                    /usr/lib/x86_64-linux-gnu/libnss_files-2.31.so
79e402915000-79e402916000 rw-p 0000c000 00:2c 1508530                    /usr/lib/x86_64-linux-gnu/libnss_files-2.31.so
79e402916000-79e40291c000 rw-p 00000000 00:00 0 
79e40291c000-79e40291d000 ---p 00000000 00:00 0 
79e40291d000-79e40291e000 r--p 00000000 00:00 0 
79e40291e000-79e402920000 rw-p 00000000 00:00 0 
79e402920000-79e402921000 r--p 00000000 00:2c 1508518                    /usr/lib/x86_64-linux-gnu/ld-2.31.so
79e402921000-79e402941000 r-xp 00001000 00:2c 1508518                    /usr/lib/x86_64-linux-gnu/ld-2.31.so
79e402941000-79e402949000 r--p 00021000 00:2c 1508518                    /usr/lib/x86_64-linux-gnu/ld-2.31.so
79e402949000-79e40294a000 r--s 00000000 00:41 49                         /run/user/1000/dconf/user
79e40294a000-79e40294b000 r--p 00029000 00:2c 1508518                    /usr/lib/x86_64-linux-gnu/ld-2.31.so
79e40294b000-79e40294c000 rw-p 0002a000 00:2c 1508518                    /usr/lib/x86_64-linux-gnu/ld-2.31.so
79e40294c000-79e40294d000 rw-p 00000000 00:00 0 
7ffcb5932000-7ffcb5954000 rw-p 00000000 00:00 0                          [stack]
7ffcb59f8000-7ffcb59fc000 r--p 00000000 00:00 0                          [vvar]
7ffcb59fc000-7ffcb59fe000 r-xp 00000000 00:00 0                          [vdso]
ffffffffff600000-ffffffffff601000 --xp 00000000 00:00 0                  [vsyscall]


VM Arguments:
jvm_args: -XX:ThreadPriorityPolicy=1 -XX:+UnlockExperimentalVMOptions -XX:+EnableJVMCIProduct -XX:JVMCIThreadsPerNativeLibraryRuntime=1 -XX:-UnlockExperimentalVMOptions -Djdk.home=/home/dimitriseaborn/graaljvm/graalvm-ce-java11-22.3.0 -Dnetbeans.default_userdir_root=/home/dimitriseaborn/.netbeans -Dnetbeans.dirs=/usr/lib/apache-netbeans/nb:/usr/lib/apache-netbeans/ergonomics:/usr/lib/apache-netbeans/ide:/usr/lib/apache-netbeans/extide:/usr/lib/apache-netbeans/java:/usr/lib/apache-netbeans/apisupport:/usr/lib/apache-netbeans/webcommon:/usr/lib/apache-netbeans/websvccommon:/usr/lib/apache-netbeans/enterprise:/usr/lib/apache-netbeans/mobility:/usr/lib/apache-netbeans/profiler:/usr/lib/apache-netbeans/python:/usr/lib/apache-netbeans/php:/usr/lib/apache-netbeans/identity:/usr/lib/apache-netbeans/harness:/usr/lib/apache-netbeans/cnd:/usr/lib/apache-netbeans/cndext:/usr/lib/apache-netbeans/cpplite:/usr/lib/apache-netbeans/dlight:/usr/lib/apache-netbeans/groovy:/usr/lib/apache-netbeans/extra:/usr/lib/apache-netbeans/javacard:/usr/lib/apache-netbeans/javafx: -Dnetbeans.home=/usr/lib/apache-netbeans/platform -Dnetbeans.importclass=org.netbeans.upgrade.AutoUpgrade -XX:+UseStringDeduplication -Xss2m -Dapple.laf.useScreenMenuBar=true -Dapple.awt.graphics.UseQuartz=true -Dsun.java2d.noddraw=true -Dsun.java2d.dpiaware=true -Dsun.zip.disableMemoryMapping=true -Dplugin.manager.check.updates=false -Dnetbeans.extbrowser.manual_chrome_plugin_install=yes --add-opens=java.base/java.net=ALL-UNNAMED --add-opens=java.base/java.lang.ref=ALL-UNNAMED --add-opens=java.base/java.lang=ALL-UNNAMED --add-opens=java.base/java.security=ALL-UNNAMED --add-opens=java.base/java.util=ALL-UNNAMED --add-opens=java.base/java.nio=ALL-UNNAMED --add-exports=java.base/sun.reflect.annotation=ALL-UNNAMED --add-opens=java.prefs/java.util.prefs=ALL-UNNAMED --add-opens=java.desktop/javax.swing.plaf.basic=ALL-UNNAMED --add-opens=java.desktop/javax.swing.text=ALL-UNNAMED --add-opens=java.desktop/javax.swing=ALL-UNNAMED --add-opens=java.desktop/java.awt=ALL-UNNAMED --add-opens=java.desktop/java.awt.event=ALL-UNNAMED --add-opens=java.desktop/sun.awt.X11=ALL-UNNAMED --add-opens=java.desktop/javax.swing.plaf.synth=ALL-UNNAMED --add-opens=java.desktop/com.sun.java.swing.plaf.gtk=ALL-UNNAMED --add-opens=java.desktop/sun.awt.shell=ALL-UNNAMED --add-opens=java.desktop/sun.awt.im=ALL-UNNAMED --add-exports=java.desktop/sun.awt=ALL-UNNAMED --add-exports=java.desktop/java.awt.peer=ALL-UNNAMED --add-exports=java.desktop/com.sun.beans.editors=ALL-UNNAMED --add-exports=java.desktop/sun.swing=ALL-UNNAMED --add-exports=java.desktop/sun.awt.im=ALL-UNNAMED --add-exports=java.desktop/com.sun.java.swing.plaf.motif=ALL-UNNAMED --add-exports=java.desktop/com.apple.eio=ALL-UNNAMED --add-opens=jdk.compiler/com.sun.tools.javac.api=ALL-UNNAMED --add-opens=jdk.compiler/com.sun.tools.javac.code=ALL-UNNAMED --add-opens=jdk.compiler/com.sun.tools.javac.comp=ALL-UNNAMED --add-opens=jdk.compiler/com.sun.tools.javac.file=ALL-UNNAMED --add-opens=jdk.compiler/com.sun.tools.javac.jvm=ALL-UNNAMED --add-opens=jdk.compiler/com.sun.tools.javac.main=ALL-UNNAMED --add-opens=jdk.compiler/com.sun.tools.javac.model=ALL-UNNAMED --add-opens=jdk.compiler/com.sun.tools.javac.parser=ALL-UNNAMED --add-opens=jdk.compiler/com.sun.tools.javac.processing=ALL-UNNAMED --add-opens=jdk.compiler/com.sun.tools.javac.tree=ALL-UNNAMED --add-opens=jdk.compiler/com.sun.tools.javac.util=ALL-UNNAMED --add-exports=jdk.compiler/com.sun.tools.javac.api=ALL-UNNAMED --add-exports=jdk.compiler/com.sun.tools.javac.code=ALL-UNNAMED --add-exports=jdk.compiler/com.sun.tools.javac.comp=ALL-UNNAMED --add-exports=jdk.compiler/com.sun.tools.javac.file=ALL-UNNAMED --add-exports=jdk.compiler/com.sun.tools.javac.jvm=ALL-UNNAMED --add-exports=jdk.compiler/com.sun.tools.javac.main=ALL-UNNAMED --add-exports=jdk.compiler/com.sun.tools.javac.model=ALL-UNNAMED --add-exports=jdk.compiler/com.sun.tools.javac.parser=ALL-UNNAMED --add-exports=jdk.compiler/com.sun.tools.javac.processing=ALL-UNNAMED --add-exports=jdk.compiler/com.sun.tools.javac.tree=ALL-UNNAMED --add-exports=jdk.compiler/com.sun.tools.javac.util=ALL-UNNAMED --add-modules=jdk.jshell --add-opens=jdk.jshell/jdk.jshell=ALL-UNNAMED --add-exports=jdk.jdeps/com.sun.tools.classfile=ALL-UNNAMED --add-exports=jdk.jdeps/com.sun.tools.javap=ALL-UNNAMED --add-exports=jdk.internal.jvmstat/sun.jvmstat.monitor=ALL-UNNAMED --add-exports=java.management/sun.management=ALL-UNNAMED -XX:+IgnoreUnrecognizedVMOptions -XX:+HeapDumpOnOutOfMemoryError -XX:HeapDumpPath=/home/dimitriseaborn/.netbeans/16/var/log/heapdump.hprof -Djava.security.manager=allow 
java_command: org.netbeans.Main --cachedir /home/dimitriseaborn/.cache/netbeans/16 --userdir /home/dimitriseaborn/.netbeans/16 --branding nb
java_class_path (initial): /usr/lib/apache-netbeans/platform/lib/boot.jar:/usr/lib/apache-netbeans/platform/lib/org-openide-modules.jar:/usr/lib/apache-netbeans/platform/lib/org-openide-util.jar:/usr/lib/apache-netbeans/platform/lib/org-openide-util-lookup.jar:/usr/lib/apache-netbeans/platform/lib/org-openide-util-ui.jar
Launcher Type: SUN_STANDARD

[Global flags]
     intx CICompilerCount                          = 2                                         {product} {ergonomic}
     uint ConcGCThreads                            = 1                                         {product} {ergonomic}
     bool EnableJVMCIProduct                       = true                                {JVMCI product} {jimage}
     uint G1ConcRefinementThreads                  = 2                                         {product} {ergonomic}
   size_t G1HeapRegionSize                         = 1048576                                   {product} {ergonomic}
    uintx GCDrainStackTargetSize                   = 64                                        {product} {ergonomic}
     bool HeapDumpOnOutOfMemoryError               = true                                   {manageable} {command line}
    ccstr HeapDumpPath                             = /home/dimitriseaborn/.netbeans/16/var/log/heapdump.hprof         {manageable} {command line}
     bool IgnoreUnrecognizedVMOptions              = true                                      {product} {command line}
   size_t InitialHeapSize                          = 46137344                                  {product} {ergonomic}
     uint JVMCIThreadsPerNativeLibraryRuntime      = 1                                   {JVMCI product} {jimage}
   size_t MarkStackSize                            = 4194304                                   {product} {ergonomic}
   size_t MaxHeapSize                              = 727711744                                 {product} {ergonomic}
   size_t MaxNewSize                               = 436207616                                 {product} {ergonomic}
   size_t MinHeapDeltaBytes                        = 1048576                                   {product} {ergonomic}
    uintx NonNMethodCodeHeapSize                   = 5825164                                {pd product} {ergonomic}
    uintx NonProfiledCodeHeapSize                  = 164859578                              {pd product} {ergonomic}
    uintx ProfiledCodeHeapSize                     = 164859578                              {pd product} {ergonomic}
    uintx ReservedCodeCacheSize                    = 335544320                              {pd product} {ergonomic}
     bool SegmentedCodeCache                       = true                                      {product} {ergonomic}
     intx ThreadPriorityPolicy                     = 1                                         {product} {jimage}
     intx ThreadStackSize                          = 2048                                   {pd product} {command line}
     bool UseCompressedClassPointers               = true                                 {lp64_product} {ergonomic}
     bool UseCompressedOops                        = true                                 {lp64_product} {ergonomic}
     bool UseG1GC                                  = true                                      {product} {ergonomic}
     bool UseStringDeduplication                   = true                                      {product} {command line}

Logging:
Log output configuration:
 #0: stdout all=warning uptime,level,tags
 #1: stderr all=off uptime,level,tags

Environment Variables:
PATH=graalvm-ce-java11-22.3.0/bin:/usr/local/bin:/usr/bin:/bin:/usr/local/games:/usr/games
SHELL=/bin/bash
DISPLAY=:0
LANG=en_US.UTF-8
TERM=xterm-256color

Signal Handlers:
SIGSEGV: [libjvm.so+0xead160], sa_mask[0]=11111111011111111101111111111110, sa_flags=SA_RESTART|SA_SIGINFO
SIGBUS: [libjvm.so+0xead160], sa_mask[0]=11111111011111111101111111111110, sa_flags=SA_RESTART|SA_SIGINFO
SIGFPE: [libjvm.so+0xead160], sa_mask[0]=11111111011111111101111111111110, sa_flags=SA_RESTART|SA_SIGINFO
SIGPIPE: SIG_IGN, sa_mask[0]=00000000000010000000000000000000, sa_flags=SA_RESTART
SIGXFSZ: [libjvm.so+0xc7da80], sa_mask[0]=11111111011111111101111111111110, sa_flags=SA_RESTART|SA_SIGINFO
SIGILL: [libjvm.so+0xead160], sa_mask[0]=11111111011111111101111111111110, sa_flags=SA_RESTART|SA_SIGINFO
SIGUSR2: [libjvm.so+0xc7d920], sa_mask[0]=00000000000000000000000000000000, sa_flags=SA_RESTART|SA_SIGINFO
SIGHUP: [libjvm.so+0xc7dad0], sa_mask[0]=11111111011111111101111111111110, sa_flags=SA_RESTART|SA_SIGINFO
SIGINT: SIG_IGN, sa_mask[0]=00000000000000000000000000000000, sa_flags=none
SIGTERM: [libjvm.so+0xc7dad0], sa_mask[0]=11111111011111111101111111111110, sa_flags=SA_RESTART|SA_SIGINFO
SIGQUIT: [libjvm.so+0xc7dad0], sa_mask[0]=11111111011111111101111111111110, sa_flags=SA_RESTART|SA_SIGINFO


---------------  S Y S T E M  ---------------

OS:PRETTY_NAME="Debian GNU/Linux 11 (bullseye)"
NAME="Debian GNU/Linux"
VERSION_ID="11"
VERSION="11 (bullseye)"
VERSION_CODENAME=bullseye
ID=debian
HOME_URL="https://www.debian.org/"
SUPPORT_URL="https://www.debian.org/support"
BUG_REPORT_URL="https://bugs.debian.org/"
uname:Linux 5.10.147-20159-g06a9a2b12b31 #1 SMP PREEMPT Thu Dec 15 19:14:41 PST 2022 x86_64
OS uptime: 0 days 2:43 hours
libc:glibc 2.31 NPTL 2.31 
rlimit (soft/hard): STACK 8192k/infinity , CORE 0k/infinity , NPROC 11084/11084 , NOFILE 1048576/1048576 , AS infinity/infinity , CPU infinity/infinity , DATA infinity/infinity , FSIZE infinity/infinity , MEMLOCK infinity/infinity
load average:3.39 3.03 2.94

/proc/meminfo:
MemTotal:        2842596 kB
MemFree:          441924 kB
MemAvailable:     927816 kB
Buffers:               0 kB
Cached:           485892 kB
SwapCached:            0 kB
Active:           173152 kB
Inactive:        2174024 kB
Active(anon):       3300 kB
Inactive(anon):  1890636 kB
Active(file):     169852 kB
Inactive(file):   283388 kB
Unevictable:       13200 kB
Mlocked:               0 kB
SwapTotal:             0 kB
SwapFree:              0 kB
Dirty:               132 kB
Writeback:           396 kB
AnonPages:       1861596 kB
Mapped:           111672 kB
Shmem:             32340 kB
KReclaimable:      38180 kB
Slab:                  0 kB
SReclaimable:          0 kB
SUnreclaim:            0 kB
KernelStack:        5120 kB
PageTables:        11160 kB
NFS_Unstable:          0 kB
Bounce:                0 kB
WritebackTmp:          0 kB
CommitLimit:     1421296 kB
Committed_AS:    3300604 kB
VmallocTotal:   34359738367 kB
VmallocUsed:        7964 kB
VmallocChunk:          0 kB
Percpu:              856 kB
AnonHugePages:         0 kB
ShmemHugePages:        0 kB
ShmemPmdMapped:        0 kB
FileHugePages:         0 kB
FilePmdMapped:         0 kB
HugePages_Total:       0
HugePages_Free:        0
HugePages_Rsvd:        0
HugePages_Surp:        0
Hugepagesize:       2048 kB
Hugetlb:               0 kB
DirectMap4k:       69632 kB
DirectMap2M:     3303424 kB
DirectMap1G:           0 kB

/sys/kernel/mm/transparent_hugepage/enabled:
always [madvise] never
/sys/kernel/mm/transparent_hugepage/defrag (defrag/compaction efforts parameter):
always defer defer+madvise [madvise] never

Process Memory:
Virtual Size: 4729396K (peak: 12261552K)
Resident Set Size: 1417124K (peak: 1731428K) (anon: 1365024K, file: 51932K, shmem: 168K)
Swapped out: 0K
C-Heap outstanding allocations: 363837K, retained: 75498K
glibc malloc tunables: (default)

/proc/sys/kernel/threads-max (system-wide limit on the number of threads):
22168
/proc/sys/vm/max_map_count (maximum number of memory map areas a process may have):
262144
/proc/sys/kernel/pid_max (system-wide limit on number of process identifiers):
32768

container (cgroup) information:
container_type: cgroupv1
cpu_cpuset_cpus: 0-1
cpu_memory_nodes: 0
active_processor_count: 2
cpu_quota: no quota
cpu_period: 100000
cpu_shares: no shares
memory_limit_in_bytes: unlimited
memory_and_swap_limit_in_bytes: not supported
memory_soft_limit_in_bytes: unlimited
memory_usage_in_bytes: 2289912 k
memory_max_usage_in_bytes: 2609380 k
maximum number of tasks: unlimited
current number of tasks: 144

KVM virtualization detected
Steal ticks since vm start: 0
Steal ticks percentage since vm start:  0.000

CPU:total 2 (initial active 2) (2 cores per cpu, 1 threads per core) family 6 model 122 stepping 8 microcode 0x1, cmov, cx8, fxsr, mmx, sse, sse2, sse3, ssse3, sse4.1, sse4.2, popcnt, aes, clmul, erms, 3dnowpref, tsc, tscinvbit, sha
CPU Model and flags from /proc/cpuinfo:
model name	: Intel(R) Celeron(R) N4020 CPU @ 1.10GHz
flags		: fpu vme de pse tsc msr pae mce cx8 apic sep mtrr pge mca cmov pat pse36 clflush mmx fxsr sse sse2 ss ht syscall nx pdpe1gb rdtscp lm constant_tsc arch_perfmon rep_good nopl xtopology nonstop_tsc cpuid tsc_known_freq pni pclmulqdq ssse3 cx16 sse4_1 sse4_2 x2apic movbe popcnt tsc_deadline_timer aes xsave rdrand hypervisor lahf_lm 3dnowprefetch cpuid_fault ssbd ibrs ibpb stibp ibrs_enhanced fsgsbase tsc_adjust smep erms mpx rdseed smap clflushopt sha_ni xsaveopt xsavec xgetbv1 xsaves arat md_clear arch_capabilities
Online cpus:
0-1
Offline cpus:

BIOS frequency limitation:
<Not Available>
Frequency switch latency (ns):
<Not Available>
Available cpu frequencies:
<Not Available>
Current governor:
<Not Available>
Core performance/turbo boost:
<Not Available>

Memory: 4k page, physical 2842596k(79912k free), swap 0k(0k free)

vm_info: OpenJDK 64-Bit Server VM (11.0.17+8-jvmci-22.3-b08) for linux-amd64 JRE (11.0.17+8-jvmci-22.3-b08), built on Oct 19 2022 09:01:18 by "buildslave" with gcc 7.3.0

END.
